Component: ARM Compiler 5.06 update 5 (build 528) Tool: armlink [4d35e2]

==============================================================================

Section Cross References

    uarttestmain.o(i.Task0) refers to uds.o(i.UDS_Handle_Request_Message) for UDS_Handle_Request_Message
    uarttestmain.o(i.Task0) refers to uarttestmain.o(.data) for count0
    uarttestmain.o(i.Task1) refers to uarttestmain.o(.data) for count1
    uarttestmain.o(i.Task2) refers to uarttestmain.o(.data) for count2
    uarttestmain.o(i.Task3) refers to uarttestmain.o(.data) for count3
    uarttestmain.o(i.Task4) refers to uarttestmain.o(.data) for count4
    uarttestmain.o(i.Task5) refers to uarttestmain.o(.data) for count5
    uarttestmain.o(i.Task6) refers to uarttestmain.o(.data) for count6
    uarttestmain.o(i.main) refers to os.o(i.OS_Init) for OS_Init
    uarttestmain.o(i.main) refers to stack.o(i.CreateStack) for CreateStack
    uarttestmain.o(i.main) refers to stack.o(i.Push) for Push
    uarttestmain.o(i.main) refers to uds.o(i.UDS_init) for UDS_init
    uarttestmain.o(i.main) refers to uds.o(i.UDS_Add_Vars_ID) for UDS_Add_Vars_ID
    uarttestmain.o(i.main) refers to os.o(i.OS_AddThreads) for OS_AddThreads
    uarttestmain.o(i.main) refers to os_cfg.o(i.OS_Clock_GetFreq) for OS_Clock_GetFreq
    uarttestmain.o(i.main) refers to os.o(i.OS_Launch) for OS_Launch
    uarttestmain.o(i.main) refers to uarttestmain.o(.bss) for DTC_Stack
    uarttestmain.o(i.main) refers to uarttestmain.o(i.Task6) for Task6
    uarttestmain.o(i.main) refers to uarttestmain.o(i.Task5) for Task5
    uarttestmain.o(i.main) refers to uarttestmain.o(i.Task4) for Task4
    uarttestmain.o(i.main) refers to uarttestmain.o(i.Task3) for Task3
    uarttestmain.o(i.main) refers to uarttestmain.o(i.Task2) for Task2
    uarttestmain.o(i.main) refers to uarttestmain.o(i.Task1) for Task1
    uarttestmain.o(i.main) refers to uarttestmain.o(i.Task0) for Task0
    tp_transiver.o(i.Check_Frame_type) refers to uart.o(i.uart_tpRecevFrame) for uart_tpRecevFrame
    tp_transiver.o(i.Check_Frame_type) refers to tp_transiver.o(.data) for InFrame
    tp_transiver.o(i.TP_Receiver_TX_RX_Handler) refers to uart.o(i.copySoftwareToHardware) for copySoftwareToHardware
    tp_transiver.o(i.TP_Receiver_TX_RX_Handler) refers to fifo_modi.o(i.TxFifo_Size) for TxFifo_Size
    tp_transiver.o(i.TP_Receiver_TX_RX_Handler) refers to uart.o(i.copyHardwareToSoftware) for copyHardwareToSoftware
    tp_transiver.o(i.TP_Receiver_TX_RX_Handler) refers to os.o(i.OS_Signal) for OS_Signal
    tp_transiver.o(i.TP_Receiver_TX_RX_Handler) refers to tp_transiver.o(.data) for NewReceData
    tp_transiver.o(i.TP_Sender_TX_RX_Handler) refers to uart.o(i.copySoftwareToHardware) for copySoftwareToHardware
    tp_transiver.o(i.TP_Sender_TX_RX_Handler) refers to fifo_modi.o(i.TxFifo_Size) for TxFifo_Size
    tp_transiver.o(i.TP_Sender_TX_RX_Handler) refers to uart.o(i.copyHardwareToSoftware) for copyHardwareToSoftware
    tp_transiver.o(i.TP_Sender_TX_RX_Handler) refers to os.o(i.OS_Signal) for OS_Signal
    tp_transiver.o(i.TP_Sender_TX_RX_Handler) refers to tp_transiver.o(.data) for NewSwData
    tp_transiver.o(i.TP_UART_Default_Interrupt_Task) refers to uart.o(i.copySoftwareToHardware) for copySoftwareToHardware
    tp_transiver.o(i.TP_UART_Default_Interrupt_Task) refers to fifo_modi.o(i.TxFifo_Size) for TxFifo_Size
    tp_transiver.o(i.TP_UART_Default_Interrupt_Task) refers to uart.o(i.copyHardwareToSoftware) for copyHardwareToSoftware
    tp_transiver.o(i.generate_BS_decision) refers to tp_transiver.o(.data) for count
    tp_transiver.o(i.send_Control_Frame) refers to uart.o(i.uart_tpSendFrame) for uart_tpSendFrame
    tp_transiver.o(i.send_cons_frame) refers to uart.o(i.uart_tpSendFrame) for uart_tpSendFrame
    tp_transiver.o(i.send_cons_frame) refers to os.o(i.OS_Sleep) for OS_Sleep
    tp_transiver.o(i.send_cons_frame) refers to tp_transiver.o(.data) for currentDataposition
    tp_transiver.o(i.send_first_frame) refers to uart.o(i.uart_tpSendFrame) for uart_tpSendFrame
    tp_transiver.o(i.send_first_frame) refers to tp_transiver.o(.data) for currentDataposition
    tp_transiver.o(i.send_single_frame) refers to uart.o(i.uart_tpSendFrame) for uart_tpSendFrame
    tp_transiver.o(i.tp_Init) refers to os.o(i.OS_InitSemaphore) for OS_InitSemaphore
    tp_transiver.o(i.tp_Init) refers to uart.o(i.UART_Init) for UART_Init
    tp_transiver.o(i.tp_Init) refers to nvicinterrupthandler.o(i.installNIVCISRFunction) for installNIVCISRFunction
    tp_transiver.o(i.tp_Init) refers to tp_transiver.o(.data) for NewSwData
    tp_transiver.o(i.tp_Init) refers to tp_transiver.o(i.TP_UART_Default_Interrupt_Task) for TP_UART_Default_Interrupt_Task
    tp_transiver.o(i.tp_receiver) refers to os.o(i.OS_Wait) for OS_Wait
    tp_transiver.o(i.tp_receiver) refers to nvicinterrupthandler.o(i.installNIVCISRFunction) for installNIVCISRFunction
[...]
    libinit.o(.ARM.Collect$$libinit$$00000000) refers (Special) to libinit2.o(.ARM.Collect$$libinit$$0000001B) for __rt_lib_init_atexit_1
    libinit.o(.ARM.Collect$$libinit$$00000000) refers (Special) to libinit2.o(.ARM.Collect$$libinit$$00000021) for __rt_lib_init_clock_1
    libinit.o(.ARM.Collect$$libinit$$00000000) refers (Special) to libinit2.o(.ARM.Collect$$libinit$$00000032) for __rt_lib_init_cpp_1
    libinit.o(.ARM.Collect$$libinit$$00000000) refers (Special) to libinit2.o(.ARM.Collect$$libinit$$00000030) for __rt_lib_init_exceptions_1
    libinit.o(.ARM.Collect$$libinit$$00000000) refers (Special) to libinit2.o(.ARM.Collect$$libinit$$00000001) for __rt_lib_init_fp_1
    libinit.o(.ARM.Collect$$libinit$$00000000) refers (Special) to libinit2.o(.ARM.Collect$$libinit$$0000001F) for __rt_lib_init_fp_trap_1
    libinit.o(.ARM.Collect$$libinit$$00000000) refers (Special) to libinit2.o(.ARM.Collect$$libinit$$00000023) for __rt_lib_init_getenv_1
    libinit.o(.ARM.Collect$$libinit$$00000000) refers (Special) to libinit2.o(.ARM.Collect$$libinit$$0000000A) for __rt_lib_init_heap_1
    libinit.o(.ARM.Collect$$libinit$$00000000) refers (Special) to libinit2.o(.ARM.Collect$$libinit$$00000011) for __rt_lib_init_lc_collate_1
    libinit.o(.ARM.Collect$$libinit$$00000000) refers (Special) to libinit2.o(.ARM.Collect$$libinit$$00000013) for __rt_lib_init_lc_ctype_1
    libinit.o(.ARM.Collect$$libinit$$00000000) refers (Special) to libinit2.o(.ARM.Collect$$libinit$$00000015) for __rt_lib_init_lc_monetary_1
    libinit.o(.ARM.Collect$$libinit$$00000000) refers (Special) to libinit2.o(.ARM.Collect$$libinit$$00000017) for __rt_lib_init_lc_numeric_1
    libinit.o(.ARM.Collect$$libinit$$00000000) refers (Special) to libinit2.o(.ARM.Collect$$libinit$$00000019) for __rt_lib_init_lc_time_1
    libinit.o(.ARM.Collect$$libinit$$00000000) refers (Special) to libinit2.o(.ARM.Collect$$libinit$$00000004) for __rt_lib_init_preinit_1
    libinit.o(.ARM.Collect$$libinit$$00000000) refers (Special) to libinit2.o(.ARM.Collect$$libinit$$0000000E) for __rt_lib_init_rand_1
    libinit.o(.ARM.Collect$$libinit$$00000000) refers (Special) to libinit2.o(.ARM.Collect$$libinit$$00000033) for __rt_lib_init_return
    libinit.o(.ARM.Collect$$libinit$$00000000) refers (Special) to libinit2.o(.ARM.Collect$$libinit$$0000001D) for __rt_lib_init_signal_1
    libinit.o(.ARM.Collect$$libinit$$00000000) refers (Special) to libinit2.o(.ARM.Collect$$libinit$$00000025) for __rt_lib_init_stdio_1
    libinit.o(.ARM.Collect$$libinit$$00000000) refers (Special) to libinit2.o(.ARM.Collect$$libinit$$0000000C) for __rt_lib_init_user_alloc_1
    libspace.o(.text) refers to libspace.o(.bss) for __libspace_start
    rtexit.o(.ARM.Collect$$rtexit$$00000000) refers (Special) to rtexit2.o(.ARM.Collect$$rtexit$$00000004) for __rt_exit_exit
    rtexit.o(.ARM.Collect$$rtexit$$00000000) refers (Special) to rtexit2.o(.ARM.Collect$$rtexit$$00000003) for __rt_exit_ls
    rtexit.o(.ARM.Collect$$rtexit$$00000000) refers (Special) to rtexit2.o(.ARM.Collect$$rtexit$$00000002) for __rt_exit_prels_1
    rtexit.o(.ARM.exidx) refers (Special) to rtexit2.o(.ARM.Collect$$rtexit$$00000004) for __rt_exit_exit
    rtexit.o(.ARM.exidx) refers (Special) to rtexit2.o(.ARM.Collect$$rtexit$$00000003) for __rt_exit_ls
    rtexit.o(.ARM.exidx) refers (Special) to rtexit2.o(.ARM.Collect$$rtexit$$00000002) for __rt_exit_prels_1
    rtexit.o(.ARM.exidx) refers to rtexit.o(.ARM.Collect$$rtexit$$00000000) for .ARM.Collect$$rtexit$$00000000
    libinit2.o(.ARM.Collect$$libinit$$00000001) refers to fpinit.o(x$fpl$fpinit) for _fp_init
    libinit2.o(.ARM.Collect$$libinit$$00000010) refers to libinit2.o(.ARM.Collect$$libinit$$0000000F) for .ARM.Collect$$libinit$$0000000F
    libinit2.o(.ARM.Collect$$libinit$$00000012) refers to libinit2.o(.ARM.Collect$$libinit$$0000000F) for .ARM.Collect$$libinit$$0000000F
    libinit2.o(.ARM.Collect$$libinit$$00000014) refers to libinit2.o(.ARM.Collect$$libinit$$0000000F) for .ARM.Collect$$libinit$$0000000F
    libinit2.o(.ARM.Collect$$libinit$$00000016) refers to libinit2.o(.ARM.Collect$$libinit$$0000000F) for .ARM.Collect$$libinit$$0000000F
    libinit2.o(.ARM.Collect$$libinit$$00000018) refers to libinit2.o(.ARM.Collect$$libinit$$0000000F) for .ARM.Collect$$libinit$$0000000F
    libinit2.o(.ARM.Collect$$libinit$$00000026) refers to argv_veneer.o(.emb_text) for __ARM_argv_veneer
    libinit2.o(.ARM.Collect$$libinit$$00000027) refers to argv_veneer.o(.emb_text) for __ARM_argv_veneer
    rtexit2.o(.ARM.Collect$$rtexit$$00000003) refers to libshutdown.o(.ARM.Collect$$libshutdown$$00000000) for __rt_lib_shutdown
    rtexit2.o(.ARM.Collect$$rtexit$$00000004) refers to sys_exit.o(.text) for _sys_exit
    rtexit2.o(.ARM.exidx) refers to rtexit2.o(.ARM.Collect$$rtexit$$00000001) for .ARM.Collect$$rtexit$$00000001
    rtexit2.o(.ARM.exidx) refers to rtexit2.o(.ARM.Collect$$rtexit$$00000003) for .ARM.Collect$$rtexit$$00000003
    rtexit2.o(.ARM.exidx) refers to rtexit2.o(.ARM.Collect$$rtexit$$00000004) for .ARM.Collect$$rtexit$$00000004
    argv_veneer.o(.emb_text) refers to no_argv.o(.text) for __ARM_get_argv
    sys_exit.o(.text) refers (Special) to use_no_semi.o(.text) for __I$use$semihosting
    sys_exit.o(.text) refers (Special) to indicate_semi.o(.text) for __semihosting_library_function
    _get_argv_nomalloc.o(.text) refers (Special) to hrguard.o(.text) for __heap_region$guard
    _get_argv_nomalloc.o(.text) refers to defsig_rtmem_outer.o(.text) for __rt_SIGRTMEM
    _get_argv_nomalloc.o(.text) refers to sys_command.o(.text) for _sys_command_string
    libshutdown.o(.ARM.Collect$$libshutdown$$00000000) refers (Special) to libshutdown2.o(.ARM.Collect$$libshutdown$$00000002) for __rt_lib_shutdown_cpp_1
    libshutdown.o(.ARM.Collect$$libshutdown$$00000000) refers (Special) to libshutdown2.o(.ARM.Collect$$libshutdown$$00000007) for __rt_lib_shutdown_fp_trap_1
    libshutdown.o(.ARM.Collect$$libshutdown$$00000000) refers (Special) to libshutdown2.o(.ARM.Collect$$libshutdown$$0000000F) for __rt_lib_shutdown_heap_1
    libshutdown.o(.ARM.Collect$$libshutdown$$00000000) refers (Special) to libshutdown2.o(.ARM.Collect$$libshutdown$$00000010) for __rt_lib_shutdown_return
    libshutdown.o(.ARM.Collect$$libshutdown$$00000000) refers (Special) to libshutdown2.o(.ARM.Collect$$libshutdown$$0000000A) for __rt_lib_shutdown_signal_1
    libshutdown.o(.ARM.Collect$$libshutdown$$00000000) refers (Special) to libshutdown2.o(.ARM.Collect$$libshutdown$$00000004) for __rt_lib_shutdown_stdio_1
    libshutdown.o(.ARM.Collect$$libshutdown$$00000000) refers (Special) to libshutdown2.o(.ARM.Collect$$libshutdown$$0000000C) for __rt_lib_shutdown_user_alloc_1
    sys_command.o(.text) refers (Special) to use_no_semi.o(.text) for __I$use$semihosting
    sys_command.o(.text) refers (Special) to indicate_semi.o(.text) for __semihosting_library_function
    defsig_rtmem_outer.o(.text) refers to defsig_rtmem_inner.o(.text) for __rt_SIGRTMEM_inner
    defsig_rtmem_outer.o(.text) refers to defsig_exit.o(.text) for __sig_exit
    defsig_rtmem_formal.o(.text) refers to rt_raise.o(.text) for __rt_raise
    rt_raise.o(.text) refers to __raise.o(.text) for __raise
    rt_raise.o(.text) refers to sys_exit.o(.text) for _sys_exit
    defsig_exit.o(.text) refers to sys_exit.o(.text) for _sys_exit
    defsig_rtmem_inner.o(.text) refers to defsig_general.o(.text) for __default_signal_display
    __raise.o(.text) refers to defsig.o(CL$$defsig) for __default_signal_handler
    defsig_general.o(.text) refers to sys_wrch.o(.text) for _ttywrch
    sys_wrch.o(.text) refers (Special) to use_no_semi.o(.text) for __I$use$semihosting
    sys_wrch.o(.text) refers (Special) to indicate_semi.o(.text) for __semihosting_library_function
    defsig.o(CL$$defsig) refers to defsig_rtmem_inner.o(.text) for __rt_SIGRTMEM_inner
    defsig_abrt_inner.o(.text) refers to defsig_general.o(.text) for __default_signal_display
    defsig_fpe_inner.o(.text) refers to defsig_general.o(.text) for __default_signal_display
    defsig_rtred_inner.o(.text) refers to defsig_general.o(.text) for __default_signal_display
    defsig_stak_inner.o(.text) refers to defsig_general.o(.text) for __default_signal_display
    defsig_pvfn_inner.o(.text) refers to defsig_general.o(.text) for __default_signal_display
    defsig_cppl_inner.o(.text) refers to defsig_general.o(.text) for __default_signal_display
    defsig_segv_inner.o(.text) refers to defsig_general.o(.text) for __default_signal_display
    defsig_other.o(.text) refers to defsig_general.o(.text) for __default_signal_display


==============================================================================

Removing Unused input sections from the image.

    Removing uarttestmain.o(i.HW_READ_BIT), (16 bytes).
    Removing uarttestmain.o(i.HW_WRITE_BIT), (32 bytes).
    Removing tp_transiver.o(i.HW_READ_BIT), (16 bytes).
    Removing tp_transiver.o(i.HW_WRITE_BIT), (32 bytes).
    Removing nvicinterrupthandler.o(i.HW_READ_BIT), (16 bytes).
    Removing nvicinterrupthandler.o(i.HW_WRITE_BIT), (32 bytes).
    Removing uds.o(i.HW_READ_BIT), (16 bytes).
    Removing uds.o(i.HW_WRITE_BIT), (32 bytes).
    Removing uds.o(i.SearchDTC_BY_ID), (2 bytes).
    Removing stack.o(i.ClearStack), (8 bytes).
    Removing stack.o(i.GetStackTop), (26 bytes).
    Removing stack.o(i.StackIsEmpty), (16 bytes).
    Removing stack.o(i.StackIsFull), (16 bytes).
    Removing stack.o(i.StackSize), (6 bytes).
    Removing stack.o(i.pop), (28 bytes).
    Removing os.o(i.GPIOPortD_Handler), (48 bytes).
    Removing os.o(i.OS_EdgeTrigger_Init), (220 bytes).
    Removing os.o(i.OS_EdgeTrigger_Restart), (28 bytes).
    Removing os.o(i.OS_FIFO_Get), (40 bytes).
    Removing os.o(i.OS_FIFO_Init), (44 bytes).
    Removing os.o(i.OS_FIFO_Put), (76 bytes).
    Removing os.o(i.OS_PeriodTrigger0_Init), (40 bytes).
    Removing os.o(i.OS_PeriodTrigger1_Init), (40 bytes).
    Removing os.o(i.RealTimeEvents), (108 bytes).
    Removing os_cfg.o(i.OS_PeriodicTask_InitB), (188 bytes).
    Removing os_cfg.o(i.OS_PeriodicTask_InitC), (188 bytes).
    Removing os_cfg.o(i.OS_PeriodicTask_Restart), (24 bytes).
    Removing os_cfg.o(i.OS_PeriodicTask_Stop), (24 bytes).
    Removing os_cfg.o(i.OS_PeriodicTask_StopB), (24 bytes).
    Removing os_cfg.o(i.OS_PeriodicTask_StopC), (24 bytes).
    Removing os_cfg.o(i.OS_Time_Get), (16 bytes).
    Removing os_cfg.o(i.OS_Time_Init), (108 bytes).
    Removing pll.o(i.PLL_Init), (124 bytes).
    Removing uart.o(i.UART_Enable_LoopBack), (20 bytes).
    Removing uart.o(i.UART_InString), (58 bytes).
    Removing uart.o(i.UART_InUDec), (64 bytes).
    Removing uart.o(i.UART_InUHex), (96 bytes).
    Removing uart.o(i.UART_OutString), (22 bytes).
    Removing uart.o(i.UART_OutStringLen), (26 bytes).
    Removing uart.o(i.UART_OutUDec), (42 bytes).
    Removing uart.o(i.UART_OutUHex), (52 bytes).
    Removing uart.o(i.UART_Send_Break), (20 bytes).
    Removing uart.o(i.UART_Stop_Break), (20 bytes).
    Removing system_tm4c123.o(.rev16_text), (4 bytes).
    Removing system_tm4c123.o(.revsh_text), (4 bytes).
    Removing system_tm4c123.o(.rrx_text), (6 bytes).
    Removing system_tm4c123.o(i.SystemCoreClockUpdate), (196 bytes).
    Removing system_tm4c123.o(i.getOscClk), (244 bytes).
    Removing system_tm4c123.o(.data), (4 bytes).

49 unused section(s) (total 2536 bytes) removed from the image.

==============================================================================

Image Symbol Table

    Local Symbols

    Symbol Name                              Value     Ov Type        Size  Object(Section)

    RESET                                    0x00000000   Section      620  startup_tm4c123.o(RESET)
    ../clib/angel/boardlib.s                 0x00000000   Number         0  boardinit1.o ABSOLUTE
    ../clib/angel/boardlib.s                 0x00000000   Number         0  boardinit3.o ABSOLUTE
    ../clib/angel/boardlib.s                 0x00000000   Number         0  boardinit2.o ABSOLUTE
    ../clib/angel/boardlib.s                 0x00000000   Number         0  boardshut.o ABSOLUTE
    ../clib/angel/dczerorl2.s                0x00000000   Number         0  __dczerorl2.o ABSOLUTE
    ../clib/angel/handlers.s                 0x00000000   Number         0  __scatter_zi.o ABSOLUTE
    ../clib/angel/kernel.s                   0x00000000   Number         0  rtexit.o ABSOLUTE
    ../clib/angel/kernel.s                   0x00000000   Number         0  __rtentry2.o ABSOLUTE
    ../clib/angel/kernel.s                   0x00000000   Number         0  __rtentry.o ABSOLUTE
    ../clib/angel/kernel.s                   0x00000000   Number         0  rtexit2.o ABSOLUTE
    ../clib/angel/kernel.s                   0x00000000   Number         0  __rtentry4.o ABSOLUTE
    ../clib/angel/rt.s                       0x00000000   Number         0  rt_raise.o ABSOLUTE
    ../clib/angel/scatter.s                  0x00000000   Number         0  __scatter.o ABSOLUTE
    ../clib/angel/startup.s                  0x00000000   Number         0  __main.o ABSOLUTE
    ../clib/angel/sys.s                      0x00000000   Number         0  indicate_semi.o ABSOLUTE
    ../clib/angel/sys.s                      0x00000000   Number         0  sys_stackheap_outer.o ABSOLUTE
    ../clib/angel/sys.s                      0x00000000   Number         0  libspace.o ABSOLUTE
    ../clib/angel/sys.s                      0x00000000   Number         0  use_no_semi.o ABSOLUTE
    ../clib/angel/sysapp.c                   0x00000000   Number         0  sys_command.o ABSOLUTE
    ../clib/angel/sysapp.c                   0x00000000   Number         0  sys_wrch.o ABSOLUTE
    ../clib/angel/sysapp.c                   0x00000000   Number         0  sys_exit.o ABSOLUTE
    ../clib/armsys.c                         0x00000000   Number         0  no_argv.o ABSOLUTE
    ../clib/armsys.c                         0x00000000   Number         0  _get_argv_nomalloc.o ABSOLUTE
    ../clib/armsys.c                         0x00000000   Number         0  argv_veneer.o ABSOLUTE
    ../clib/armsys.c                         0x00000000   Number         0  argv_veneer.o ABSOLUTE
    ../clib/heapalloc.c                      0x00000000   Number         0  hrguard.o ABSOLUTE
    ../clib/heapaux.c                        0x00000000   Number         0  heapauxi.o ABSOLUTE
    ../clib/libinit.s                        0x00000000   Number         0  libshutdown2.o ABSOLUTE
    ../clib/libinit.s                        0x00000000   Number         0  libinit2.o ABSOLUTE
    ../clib/libinit.s                        0x00000000   Number         0  libinit.o ABSOLUTE
    ../clib/libinit.s                        0x00000000   Number         0  libshutdown.o ABSOLUTE
    ../clib/signal.c                         0x00000000   Number         0  defsig_fpe_inner.o ABSOLUTE
    ../clib/signal.c                         0x00000000   Number         0  defsig_rtmem_formal.o ABSOLUTE
    ../clib/signal.c                         0x00000000   Number         0  defsig_rtmem_outer.o ABSOLUTE
    ../clib/signal.c                         0x00000000   Number         0  defsig_general.o ABSOLUTE
    ../clib/signal.c                         0x00000000   Number         0  defsig_other.o ABSOLUTE
    ../clib/signal.c                         0x00000000   Number         0  defsig_segv_inner.o ABSOLUTE
    ../clib/signal.c                         0x00000000   Number         0  defsig_cppl_inner.o ABSOLUTE
    ../clib/signal.c                         0x00000000   Number         0  defsig_pvfn_inner.o ABSOLUTE
    ../clib/signal.c                         0x00000000   Number         0  defsig_stak_inner.o ABSOLUTE
    ../clib/signal.c                         0x00000000   Number         0  defsig_rtred_inner.o ABSOLUTE
    ../clib/signal.c                         0x00000000   Number         0  defsig_abrt_inner.o ABSOLUTE
    ../clib/signal.c                         0x00000000   Number         0  __raise.o ABSOLUTE
    ../clib/signal.c                         0x00000000   Number         0  defsig_rtmem_inner.o ABSOLUTE
    ../clib/signal.c                         0x00000000   Number         0  defsig_exit.o ABSOLUTE
    ../clib/signal.s                         0x00000000   Number         0  defsig.o ABSOLUTE
    ../clib/stdlib.c                         0x00000000   Number         0  exit.o ABSOLUTE
    ../fplib/daddsub.s                       0x00000000   Number         0  daddsub_clz.o ABSOLUTE
    ../fplib/dfix.s                          0x00000000   Number         0  dfix.o ABSOLUTE
    ../fplib/dflt.s                          0x00000000   Number         0  dflt_clz.o ABSOLUTE
    ../fplib/dnaninf.s                       0x00000000   Number         0  dnaninf.o ABSOLUTE
    ../fplib/dretinf.s                       0x00000000   Number         0  dretinf.o ABSOLUTE
    ../fplib/fpinit.s                        0x00000000   Number         0  fpinit.o ABSOLUTE
    ../fplib/usenofp.s                       0x00000000   Number         0  usenofp.o ABSOLUTE
    CPX\PLL\PLL.c                            0x00000000   Number         0  pll.o ABSOLUTE
    CPX\UART\FIFO_Modi.c                     0x00000000   Number         0  fifo_modi.o ABSOLUTE
    CPX\UART\UART.c                          0x00000000   Number         0  uart.o ABSOLUTE
    RTE\Device\TM4C123GH6PM\startup_TM4C123.s 0x00000000   Number         0  startup_tm4c123.o ABSOLUTE
    RTE\Device\TM4C123GH6PM\system_TM4C123.c 0x00000000   Number         0  system_tm4c123.o ABSOLUTE
    RTE\\Device\\TM4C123GH6PM\\system_TM4C123.c 0x00000000   Number         0  system_tm4c123.o ABSOLUTE
    SAL\NVICInterruptHandler.c               0x00000000   Number         0  nvicinterrupthandler.o ABSOLUTE
    SAL\UDS.c                                0x00000000   Number         0  uds.o ABSOLUTE
    SAL\stack.c                              0x00000000   Number         0  stack.o ABSOLUTE
    SAL\tp_transiver.c                       0x00000000   Number         0  tp_transiver.o ABSOLUTE
    UARTTestMain.c                           0x00000000   Number         0  uarttestmain.o ABSOLUTE
    dc.s                                     0x00000000   Number         0  dc.o ABSOLUTE
    os\os.c                                  0x00000000   Number         0  os.o ABSOLUTE
    os\os_cfg.c                              0x00000000   Number         0  os_cfg.o ABSOLUTE
    os\osasm.s                               0x00000000   Number         0  osasm.o ABSOLUTE
    !!!main                                  0x0000026c   Section        8  __main.o(!!!main)
    !!!scatter                               0x00000274   Section       52  __scatter.o(!!!scatter)
    !!dczerorl2                              0x000002a8   Section       90  __dczerorl2.o(!!dczerorl2)
    !!handler_zi                             0x00000304   Section       28  __scatter_zi.o(!!handler_zi)
    .ARM.Collect$$libinit$$00000000          0x00000320   Section        2  libinit.o(.ARM.Collect$$libinit$$00000000)
    .ARM.Collect$$libinit$$00000001          0x00000322   Section        4  libinit2.o(.ARM.Collect$$libinit$$00000001)
    .ARM.Collect$$libinit$$00000004          0x00000326   Section        0  libinit2.o(.ARM.Collect$$libinit$$00000004)
    .ARM.Collect$$libinit$$0000000A          0x00000326   Section        0  libinit2.o(.ARM.Collect$$libinit$$0000000A)
    .ARM.Collect$$libinit$$0000000C          0x00000326   Section        0  libinit2.o(.ARM.Collect$$libinit$$0000000C)
    .ARM.Collect$$libinit$$0000000E          0x00000326   Section        0  libinit2.o(.ARM.Collect$$libinit$$0000000E)
    .ARM.Collect$$libinit$$00000011          0x00000326   Section        0  libinit2.o(.ARM.Collect$$libinit$$00000011)
    .ARM.Collect$$libinit$$00000013          0x00000326   Section        0  libinit2.o(.ARM.Collect$$libinit$$00000013)
    .ARM.Collect$$libinit$$00000015          0x00000326   Section        0  libinit2.o(.ARM.Collect$$libinit$$00000015)
    .ARM.Collect$$libinit$$00000017          0x00000326   Section        0  libinit2.o(.ARM.Collect$$libinit$$00000017)
    .ARM.Collect$$libinit$$00000019          0x00000326   Section        0  libinit2.o(.ARM.Collect$$libinit$$00000019)
    .ARM.Collect$$libinit$$0000001B          0x00000326   Section        0  libinit2.o(.ARM.Collect$$libinit$$0000001B)
    .ARM.Collect$$libinit$$0000001D          0x00000326   Section        0  libinit2.o(.ARM.Collect$$libinit$$0000001D)
    .ARM.Collect$$libinit$$0000001F          0x00000326   Section        0  libinit2.o(.ARM.Collect$$libinit$$0000001F)
    .ARM.Collect$$libinit$$00000021          0x00000326   Section        0  libinit2.o(.ARM.Collect$$libinit$$00000021)
    .ARM.Collect$$libinit$$00000023          0x00000326   Section        0  libinit2.o(.ARM.Collect$$libinit$$00000023)
    .ARM.Collect$$libinit$$00000025          0x00000326   Section        0  libinit2.o(.ARM.Collect$$libinit$$00000025)
    .ARM.Collect$$libinit$$0000002C          0x00000326   Section        0  libinit2.o(.ARM.Collect$$libinit$$0000002C)
    .ARM.Collect$$libinit$$0000002E          0x00000326   Section        0  libinit2.o(.ARM.Collect$$libinit$$0000002E)
    .ARM.Collect$$libinit$$00000030          0x00000326   Section        0  libinit2.o(.ARM.Collect$$libinit$$00000030)
    .ARM.Collect$$libinit$$00000032          0x00000326   Section        0  libinit2.o(.ARM.Collect$$libinit$$00000032)
    .ARM.Collect$$libinit$$00000033          0x00000326   Section        2  libinit2.o(.ARM.Collect$$libinit$$00000033)
    .ARM.Collect$$libshutdown$$00000000      0x00000328   Section        2  libshutdown.o(.ARM.Collect$$libshutdown$$00000000)
    .ARM.Collect$$libshutdown$$00000002      0x0000032a   Section        0  libshutdown2.o(.ARM.Collect$$libshutdown$$00000002)
    .ARM.Collect$$libshutdown$$00000004      0x0000032a   Section        0  libshutdown2.o(.ARM.Collect$$libshutdown$$00000004)
    .ARM.Collect$$libshutdown$$00000007      0x0000032a   Section        0  libshutdown2.o(.ARM.Collect$$libshutdown$$00000007)
    .ARM.Collect$$libshutdown$$0000000A      0x0000032a   Section        0  libshutdown2.o(.ARM.Collect$$libshutdown$$0000000A)
    .ARM.Collect$$libshutdown$$0000000C      0x0000032a   Section        0  libshutdown2.o(.ARM.Collect$$libshutdown$$0000000C)
    .ARM.Collect$$libshutdown$$0000000F      0x0000032a   Section        0  libshutdown2.o(.ARM.Collect$$libshutdown$$0000000F)
    .ARM.Collect$$libshutdown$$00000010      0x0000032a   Section        2  libshutdown2.o(.ARM.Collect$$libshutdown$$00000010)
    .ARM.Collect$$rtentry$$00000000          0x0000032c   Section        0  __rtentry.o(.ARM.Collect$$rtentry$$00000000)
    .ARM.Collect$$rtentry$$00000002          0x0000032c   Section        0  __rtentry2.o(.ARM.Collect$$rtentry$$00000002)
    .ARM.Collect$$rtentry$$00000004          0x0000032c   Section        6  __rtentry4.o(.ARM.Collect$$rtentry$$00000004)
    .ARM.Collect$$rtentry$$00000009          0x00000332   Section        0  __rtentry2.o(.ARM.Collect$$rtentry$$00000009)
    .ARM.Collect$$rtentry$$0000000A          0x00000332   Section        4  __rtentry2.o(.ARM.Collect$$rtentry$$0000000A)
    .ARM.Collect$$rtentry$$0000000C          0x00000336   Section        0  __rtentry2.o(.ARM.Collect$$rtentry$$0000000C)
    .ARM.Collect$$rtentry$$0000000D          0x00000336   Section        8  __rtentry2.o(.ARM.Collect$$rtentry$$0000000D)
    .ARM.Collect$$rtexit$$00000000           0x0000033e   Section        2  rtexit.o(.ARM.Collect$$rtexit$$00000000)
    .ARM.Collect$$rtexit$$00000002           0x00000340   Section        0  rtexit2.o(.ARM.Collect$$rtexit$$00000002)
    .ARM.Collect$$rtexit$$00000003           0x00000340   Section        4  rtexit2.o(.ARM.Collect$$rtexit$$00000003)
    .ARM.Collect$$rtexit$$00000004           0x00000344   Section        6  rtexit2.o(.ARM.Collect$$rtexit$$00000004)
    .text                                    0x0000034c   Section       72  osasm.o(.text)
    $v0                                      0x0000034c   Number         0  osasm.o(.text)
    .text                                    0x00000394   Section      304  startup_tm4c123.o(.text)
    $v0                                      0x00000394   Number         0  startup_tm4c123.o(.text)
    .text                                    0x000004c4   Section        0  heapauxi.o(.text)
    .text                                    0x000004ca   Section       74  sys_stackheap_outer.o(.text)
    .text                                    0x00000514   Section        0  exit.o(.text)
    .text                                    0x00000528   Section        8  libspace.o(.text)
    .text                                    0x00000530   Section        0  sys_exit.o(.text)
    .text                                    0x0000053c   Section        2  use_no_semi.o(.text)
    .text                                    0x0000053e   Section        0  indicate_semi.o(.text)
    i.Check_Frame_type                       0x00000540   Section        0  tp_transiver.o(i.Check_Frame_type)
    Check_Frame_type                         0x00000541   Thumb Code    56  tp_transiver.o(i.Check_Frame_type)
    i.CreateStack                            0x0000057c   Section        0  stack.o(i.CreateStack)
    i.GPIOA_Handler                          0x00000584   Section        0  nvicinterrupthandler.o(i.GPIOA_Handler)
    i.GPIOB_Handler                          0x00000594   Section        0  nvicinterrupthandler.o(i.GPIOB_Handler)
    i.GPIOC_Handler                          0x000005a4   Section        0  nvicinterrupthandler.o(i.GPIOC_Handler)
    i.GPIOD_Handler                          0x000005b4   Section        0  nvicinterrupthandler.o(i.GPIOD_Handler)
    i.GPIOE_Handler                          0x000005c4   Section        0  nvicinterrupthandler.o(i.GPIOE_Handler)
    i.GPIOF_Handler                          0x000005d4   Section        0  nvicinterrupthandler.o(i.GPIOF_Handler)
    i.Get_remaing_frames_number              0x000005e4   Section        0  tp_transiver.o(i.Get_remaing_frames_number)
    Get_remaing_frames_number                0x000005e5   Thumb Code    26  tp_transiver.o(i.Get_remaing_frames_number)
    i.IntVirDefaultFun                       0x000005fe   Section        0  nvicinterrupthandler.o(i.IntVirDefaultFun)
    i.OS_AddThreads                          0x00000600   Section        0  os.o(i.OS_AddThreads)
    i.OS_Clock_GetFreq                       0x00000704   Section        0  os_cfg.o(i.OS_Clock_GetFreq)
    i.OS_Clock_InitFastest                   0x00000710   Section        0  os_cfg.o(i.OS_Clock_InitFastest)
    i.OS_Init                                0x0000079c   Section        0  os.o(i.OS_Init)
    i.OS_InitSemaphore                       0x000007c8   Section        0  os.o(i.OS_InitSemaphore)
    i.OS_Launch                              0x000007dc   Section        0  os.o(i.OS_Launch)
    i.OS_PeriodicTask_Init                   0x00000810   Section        0  os_cfg.o(i.OS_PeriodicTask_Init)
    i.OS_Signal                              0x000008d0   Section        0  os.o(i.OS_Signal)
    i.OS_Sleep                               0x00000904   Section        0  os.o(i.OS_Sleep)
    i.OS_Suspend                             0x00000920   Section        0  os.o(i.OS_Suspend)
    i.OS_Wait                                0x00000938   Section        0  os.o(i.OS_Wait)
    i.Push                                   0x00000964   Section        0  stack.o(i.Push)
    i.RxFifo_Get                             0x00000980   Section        0  fifo_modi.o(i.RxFifo_Get)
    i.RxFifo_Init                            0x000009c4   Section        0  fifo_modi.o(i.RxFifo_Init)
    i.RxFifo_Put                             0x000009ec   Section        0  fifo_modi.o(i.RxFifo_Put)
    i.RxFifo_Size                            0x00000a24   Section        0  fifo_modi.o(i.RxFifo_Size)
    i.Scheduler                              0x00000a58   Section        0  os.o(i.Scheduler)
    i.SearchDTC_BY_SM                        0x00000a88   Section        0  uds.o(i.SearchDTC_BY_SM)
    SearchDTC_BY_SM                          0x00000a89   Thumb Code    28  uds.o(i.SearchDTC_BY_SM)
    i.SetInitialStack                        0x00000ab0   Section        0  os.o(i.SetInitialStack)
    i.SystemInit                             0x00000c00   Section        0  system_tm4c123.o(i.SystemInit)
    i.TP_Receiver_TX_RX_Handler              0x00000c14   Section        0  tp_transiver.o(i.TP_Receiver_TX_RX_Handler)
    i.TP_Sender_TX_RX_Handler                0x00000c74   Section        0  tp_transiver.o(i.TP_Sender_TX_RX_Handler)
    i.TP_UART_Default_Interrupt_Task         0x00000cd4   Section        0  tp_transiver.o(i.TP_UART_Default_Interrupt_Task)
    i.Task0                                  0x00000d34   Section        0  uarttestmain.o(i.Task0)
    i.Task1                                  0x00000d4c   Section        0  uarttestmain.o(i.Task1)
    i.Task2                                  0x00000d60   Section        0  uarttestmain.o(i.Task2)
    i.Task3                                  0x00000d74   Section        0  uarttestmain.o(i.Task3)
    i.Task4                                  0x00000d88   Section        0  uarttestmain.o(i.Task4)
    i.Task5                                  0x00000d9c   Section        0  uarttestmain.o(i.Task5)
    i.Task6                                  0x00000db0   Section        0  uarttestmain.o(i.Task6)
    i.TraverseStack                          0x00000dc4   Section        0  stack.o(i.TraverseStack)
    i.TxFifo_Get                             0x00000df0   Section        0  fifo_modi.o(i.TxFifo_Get)
    i.TxFifo_Init                            0x00000e2c   Section        0  fifo_modi.o(i.TxFifo_Init)
    i.TxFifo_Put                             0x00000e50   Section        0  fifo_modi.o(i.TxFifo_Put)
    i.TxFifo_Size                            0x00000e8c   Section        0  fifo_modi.o(i.TxFifo_Size)
    i.UART0_Handler                          0x00000ea4   Section        0  nvicinterrupthandler.o(i.UART0_Handler)
    i.UART_InChar                            0x00000eb4   Section        0  uart.o(i.UART_InChar)
    i.UART_Init                              0x00000ec8   Section        0  uart.o(i.UART_Init)
    i.UART_OutChar                           0x00000fec   Section        0  uart.o(i.UART_OutChar)
    i.UDS_Add_Vars_ID                        0x00001020   Section        0  uds.o(i.UDS_Add_Vars_ID)
    i.UDS_Handle_Request_Message             0x00001058   Section        0  uds.o(i.UDS_Handle_Request_Message)
    i.UDS_Read_Value_by_ID                   0x000012ac   Section        0  uds.o(i.UDS_Read_Value_by_ID)
    UDS_Read_Value_by_ID                     0x000012ad   Thumb Code    66  uds.o(i.UDS_Read_Value_by_ID)
    i.UDS_Write_Value_by_ID                  0x000012f4   Section        0  uds.o(i.UDS_Write_Value_by_ID)
    UDS_Write_Value_by_ID                    0x000012f5   Thumb Code    52  uds.o(i.UDS_Write_Value_by_ID)
    i.UDS_init                               0x0000132c   Section        0  uds.o(i.UDS_init)
    i.WTIMER3A_Handler                       0x00001340   Section        0  os_cfg.o(i.WTIMER3A_Handler)
    i.WTIMER4A_Handler                       0x00001358   Section        0  os_cfg.o(i.WTIMER4A_Handler)
    i.WTIMER5A_Handler                       0x00001370   Section        0  os_cfg.o(i.WTIMER5A_Handler)
    i.copyHardwareToSoftware                 0x00001388   Section        0  uart.o(i.copyHardwareToSoftware)
    i.copySoftwareToHardware                 0x000013b0   Section        0  uart.o(i.copySoftwareToHardware)
    i.deInstallNIVCISRFunction               0x000013dc   Section        0  nvicinterrupthandler.o(i.deInstallNIVCISRFunction)
    i.generate_BS_decision                   0x000013f4   Section        0  tp_transiver.o(i.generate_BS_decision)
    generate_BS_decision                     0x000013f5   Thumb Code    12  tp_transiver.o(i.generate_BS_decision)
    i.installNIVCISRFunction                 0x00001404   Section        0  nvicinterrupthandler.o(i.installNIVCISRFunction)
    i.main                                   0x00001420   Section        0  uarttestmain.o(i.main)
    i.runperiodicevents                      0x0000151c   Section        0  os.o(i.runperiodicevents)
    runperiodicevents                        0x0000151d   Thumb Code    50  os.o(i.runperiodicevents)
    i.send_Control_Frame                     0x00001554   Section        0  tp_transiver.o(i.send_Control_Frame)
    send_Control_Frame                       0x00001555   Thumb Code    46  tp_transiver.o(i.send_Control_Frame)
    i.send_cons_frame                        0x00001584   Section        0  tp_transiver.o(i.send_cons_frame)
    send_cons_frame                          0x00001585   Thumb Code   142  tp_transiver.o(i.send_cons_frame)
    i.send_first_frame                       0x0000161c   Section        0  tp_transiver.o(i.send_first_frame)
    send_first_frame                         0x0000161d   Thumb Code    52  tp_transiver.o(i.send_first_frame)
    i.send_single_frame                      0x00001654   Section        0  tp_transiver.o(i.send_single_frame)
    send_single_frame                        0x00001655   Thumb Code    52  tp_transiver.o(i.send_single_frame)
    i.tp_Init                                0x00001688   Section        0  tp_transiver.o(i.tp_Init)
    i.tp_receiver                            0x000016c4   Section        0  tp_transiver.o(i.tp_receiver)
    i.tp_sender                              0x000017f0   Section        0  tp_transiver.o(i.tp_sender)
    i.uart_tpRecevFrame                      0x00001894   Section        0  uart.o(i.uart_tpRecevFrame)
    i.uart_tpSendFrame                       0x000018b0   Section        0  uart.o(i.uart_tpSendFrame)
    x$fpl$dadd                               0x000018cc   Section      336  daddsub_clz.o(x$fpl$dadd)
    $v0                                      0x000018cc   Number         0  daddsub_clz.o(x$fpl$dadd)
    _dadd1                                   0x000018dd   Thumb Code     0  daddsub_clz.o(x$fpl$dadd)
    x$fpl$dfix                               0x00001a1c   Section       94  dfix.o(x$fpl$dfix)
    $v0                                      0x00001a1c   Number         0  dfix.o(x$fpl$dfix)
    x$fpl$dfltu                              0x00001a7a   Section       38  dflt_clz.o(x$fpl$dfltu)
    $v0                                      0x00001a7a   Number         0  dflt_clz.o(x$fpl$dfltu)
    x$fpl$dnaninf                            0x00001aa0   Section      156  dnaninf.o(x$fpl$dnaninf)
    $v0                                      0x00001aa0   Number         0  dnaninf.o(x$fpl$dnaninf)
    x$fpl$dretinf                            0x00001b3c   Section       12  dretinf.o(x$fpl$dretinf)
    $v0                                      0x00001b3c   Number         0  dretinf.o(x$fpl$dretinf)
    x$fpl$dsub                               0x00001b48   Section      468  daddsub_clz.o(x$fpl$dsub)
    $v0                                      0x00001b48   Number         0  daddsub_clz.o(x$fpl$dsub)
    _dsub1                                   0x00001b59   Thumb Code     0  daddsub_clz.o(x$fpl$dsub)
    x$fpl$fpinit                             0x00001d1c   Section       10  fpinit.o(x$fpl$fpinit)
    $v0                                      0x00001d1c   Number         0  fpinit.o(x$fpl$fpinit)
    x$fpl$usenofp                            0x00001d26   Section        0  usenofp.o(x$fpl$usenofp)
    .data                                    0x20000000   Section       29  uarttestmain.o(.data)
    .data                                    0x20000020   Section       30  tp_transiver.o(.data)
    NewSwData                                0x20000020   Data           4  tp_transiver.o(.data)
    NewReceData                              0x20000024   Data           4  tp_transiver.o(.data)
    Peripheral_Mutex                         0x20000028   Data           4  tp_transiver.o(.data)
    currentDataposition                      0x2000002c   Data           1  tp_transiver.o(.data)
    c_frame_T                                0x2000002d   Data           8  tp_transiver.o(.data)
    InFrame                                  0x20000035   Data           8  tp_transiver.o(.data)
    count                                    0x2000003d   Data           1  tp_transiver.o(.data)
    .data                                    0x20000040   Section      856  nvicinterrupthandler.o(.data)
    .data                                    0x20000398   Section       25  uds.o(.data)
    tp_message                               0x20000398   Data           7  uds.o(.data)
    message_len                              0x2000039f   Data           1  uds.o(.data)
    DTC_Number                               0x200003a0   Data           1  uds.o(.data)
    count                                    0x200003b0   Data           1  uds.o(.data)
    .data                                    0x200003b4   Section       48  os.o(.data)
    realCount                                0x200003e0   Data           4  os.o(.data)
    .data                                    0x200003e4   Section       16  os_cfg.o(.data)
    ClockFrequency                           0x200003e4   Data           4  os_cfg.o(.data)
    .data                                    0x200003f4   Section       16  fifo_modi.o(.data)
    .bss                                     0x20000404   Section       16  uarttestmain.o(.bss)
    .bss                                     0x20000414   Section       48  uds.o(.bss)
    DTC_Found                                0x20000414   Data          12  uds.o(.bss)
    .bss                                     0x20000444   Section     2954  os.o(.bss)
    .bss                                     0x20000fce   Section      100  fifo_modi.o(.bss)
    .bss                                     0x20001034   Section       96  libspace.o(.bss)
    HEAP                                     0x20001098   Section        0  startup_tm4c123.o(HEAP)
    STACK                                    0x20001098   Section      768  startup_tm4c123.o(STACK)
    Heap_Mem                                 0x20001098   Data           0  startup_tm4c123.o(HEAP)
    Stack_Mem                                0x20001098   Data         768  startup_tm4c123.o(STACK)
    __initial_sp                             0x20001398   Data           0  startup_tm4c123.o(STACK)

    Global Symbols

    Symbol Name                              Value     Ov Type        Size  Object(Section)

    BuildAttributes$$THM_ISAv4$E$P$D$K$B$S$7EM$VFPi3$EXTD16$VFPS$VFMA$PE$A:L22UL41UL21$X:L11$S22US41US21$IEEE1$IW$USESV6$~STKCKD$USESV7$~SHL$OSPACE$ROPI$EBA8$UX$STANDARDLIB$REQ8$PRES8$EABIv2 0x00000000   Number         0  anon$$obj.o ABSOLUTE
    __ARM_use_no_argv                        0x00000000   Number         0  uarttestmain.o ABSOLUTE
    __Vectors                                0x00000000   Data           4  startup_tm4c123.o(RESET)
    __ARM_exceptions_init                     - Undefined Weak Reference
    __alloca_initialize                       - Undefined Weak Reference
    __arm_preinit_                            - Undefined Weak Reference
    __cpp_initialize__aeabi_                  - Undefined Weak Reference
    __cxa_finalize                            - Undefined Weak Reference
    __rt_locale                               - Undefined Weak Reference
    __sigvec_lookup                           - Undefined Weak Reference
    _atexit_init                              - Undefined Weak Reference
    _call_atexit_fns                          - Undefined Weak Reference
    _clock_init                               - Undefined Weak Reference
    _fp_trap_init                             - Undefined Weak Reference
    _fp_trap_shutdown                         - Undefined Weak Reference
    _get_lc_collate                           - Undefined Weak Reference
    _get_lc_ctype                             - Undefined Weak Reference
    _get_lc_monetary                          - Undefined Weak Reference
    _get_lc_numeric                           - Undefined Weak Reference
    _get_lc_time                              - Undefined Weak Reference
    _getenv_init                              - Undefined Weak Reference
    _handle_redirection                       - Undefined Weak Reference
    _init_alloc                               - Undefined Weak Reference
    _init_user_alloc                          - Undefined Weak Reference
    _initio                                   - Undefined Weak Reference
    _rand_init                                - Undefined Weak Reference
    _signal_finish                            - Undefined Weak Reference
    _signal_init                              - Undefined Weak Reference
    _terminate_alloc                          - Undefined Weak Reference
    _terminate_user_alloc                     - Undefined Weak Reference
    _terminateio                              - Undefined Weak Reference
    __Vectors_End                            0x0000026c   Data           0  startup_tm4c123.o(RESET)
    __Vectors_Size                           0x0000026c   Number         0  startup_tm4c123.o ABSOLUTE
    __main                                   0x0000026d   Thumb Code     8  __main.o(!!!main)
    __scatterload                            0x00000275   Thumb Code     0  __scatter.o(!!!scatter)
    __scatterload_rt2                        0x00000275   Thumb Code    44  __scatter.o(!!!scatter)
    __scatterload_rt2_thumb_only             0x00000275   Thumb Code     0  __scatter.o(!!!scatter)
    __scatterload_null                       0x00000283   Thumb Code     0  __scatter.o(!!!scatter)
    __decompress                             0x000002a9   Thumb Code    90  __dczerorl2.o(!!dczerorl2)
    __decompress1                            0x000002a9   Thumb Code     0  __dczerorl2.o(!!dczerorl2)
    __scatterload_zeroinit                   0x00000305   Thumb Code    28  __scatter_zi.o(!!handler_zi)
    __rt_lib_init                            0x00000321   Thumb Code     0  libinit.o(.ARM.Collect$$libinit$$00000000)
    __rt_lib_init_fp_1                       0x00000323   Thumb Code     0  libinit2.o(.ARM.Collect$$libinit$$00000001)
    __rt_lib_init_alloca_1                   0x00000327   Thumb Code     0  libinit2.o(.ARM.Collect$$libinit$$0000002E)
    __rt_lib_init_argv_1                     0x00000327   Thumb Code     0  libinit2.o(.ARM.Collect$$libinit$$0000002C)
    __rt_lib_init_atexit_1                   0x00000327   Thumb Code     0  libinit2.o(.ARM.Collect$$libinit$$0000001B)
    __rt_lib_init_clock_1                    0x00000327   Thumb Code     0  libinit2.o(.ARM.Collect$$libinit$$00000021)
    __rt_lib_init_cpp_1                      0x00000327   Thumb Code     0  libinit2.o(.ARM.Collect$$libinit$$00000032)
    __rt_lib_init_exceptions_1               0x00000327   Thumb Code     0  libinit2.o(.ARM.Collect$$libinit$$00000030)
    __rt_lib_init_fp_trap_1                  0x00000327   Thumb Code     0  libinit2.o(.ARM.Collect$$libinit$$0000001F)
    __rt_lib_init_getenv_1                   0x00000327   Thumb Code     0  libinit2.o(.ARM.Collect$$libinit$$00000023)
    __rt_lib_init_heap_1                     0x00000327   Thumb Code     0  libinit2.o(.ARM.Collect$$libinit$$0000000A)
    __rt_lib_init_lc_collate_1               0x00000327   Thumb Code     0  libinit2.o(.ARM.Collect$$libinit$$00000011)
    __rt_lib_init_lc_ctype_1                 0x00000327   Thumb Code     0  libinit2.o(.ARM.Collect$$libinit$$00000013)
    __rt_lib_init_lc_monetary_1              0x00000327   Thumb Code     0  libinit2.o(.ARM.Collect$$libinit$$00000015)
    __rt_lib_init_lc_numeric_1               0x00000327   Thumb Code     0  libinit2.o(.ARM.Collect$$libinit$$00000017)
    __rt_lib_init_lc_time_1                  0x00000327   Thumb Code     0  libinit2.o(.ARM.Collect$$libinit$$00000019)
    __rt_lib_init_preinit_1                  0x00000327   Thumb Code     0  libinit2.o(.ARM.Collect$$libinit$$00000004)
    __rt_lib_init_rand_1                     0x00000327   Thumb Code     0  libinit2.o(.ARM.Collect$$libinit$$0000000E)
    __rt_lib_init_return                     0x00000327   Thumb Code     0  libinit2.o(.ARM.Collect$$libinit$$00000033)
    __rt_lib_init_signal_1                   0x00000327   Thumb Code     0  libinit2.o(.ARM.Collect$$libinit$$0000001D)
    __rt_lib_init_stdio_1                    0x00000327   Thumb Code     0  libinit2.o(.ARM.Collect$$libinit$$00000025)
    __rt_lib_init_user_alloc_1               0x00000327   Thumb Code     0  libinit2.o(.ARM.Collect$$libinit$$0000000C)
    __rt_lib_shutdown                        0x00000329   Thumb Code     0  libshutdown.o(.ARM.Collect$$libshutdown$$00000000)
    __rt_lib_shutdown_cpp_1                  0x0000032b   Thumb Code     0  libshutdown2.o(.ARM.Collect$$libshutdown$$00000002)
    __rt_lib_shutdown_fp_trap_1              0x0000032b   Thumb Code     0  libshutdown2.o(.ARM.Collect$$libshutdown$$00000007)
    __rt_lib_shutdown_heap_1                 0x0000032b   Thumb Code     0  libshutdown2.o(.ARM.Collect$$libshutdown$$0000000F)
    __rt_lib_shutdown_return                 0x0000032b   Thumb Code     0  libshutdown2.o(.ARM.Collect$$libshutdown$$00000010)
    __rt_lib_shutdown_signal_1               0x0000032b   Thumb Code     0  libshutdown2.o(.ARM.Collect$$libshutdown$$0000000A)
    __rt_lib_shutdown_stdio_1                0x0000032b   Thumb Code     0  libshutdown2.o(.ARM.Collect$$libshutdown$$00000004)
    __rt_lib_shutdown_user_alloc_1           0x0000032b   Thumb Code     0  libshutdown2.o(.ARM.Collect$$libshutdown$$0000000C)
    __rt_entry                               0x0000032d   Thumb Code     0  __rtentry.o(.ARM.Collect$$rtentry$$00000000)
    __rt_entry_presh_1                       0x0000032d   Thumb Code     0  __rtentry2.o(.ARM.Collect$$rtentry$$00000002)
    __rt_entry_sh                            0x0000032d   Thumb Code     0  __rtentry4.o(.ARM.Collect$$rtentry$$00000004)
    __rt_entry_li                            0x00000333   Thumb Code     0  __rtentry2.o(.ARM.Collect$$rtentry$$0000000A)
    __rt_entry_postsh_1                      0x00000333   Thumb Code     0  __rtentry2.o(.ARM.Collect$$rtentry$$00000009)
    __rt_entry_main                          0x00000337   Thumb Code     0  __rtentry2.o(.ARM.Collect$$rtentry$$0000000D)
    __rt_entry_postli_1                      0x00000337   Thumb Code     0  __rtentry2.o(.ARM.Collect$$rtentry$$0000000C)
    __rt_exit                                0x0000033f   Thumb Code     0  rtexit.o(.ARM.Collect$$rtexit$$00000000)
    __rt_exit_ls                             0x00000341   Thumb Code     0  rtexit2.o(.ARM.Collect$$rtexit$$00000003)
    __rt_exit_prels_1                        0x00000341   Thumb Code     0  rtexit2.o(.ARM.Collect$$rtexit$$00000002)
    __rt_exit_exit                           0x00000345   Thumb Code     0  rtexit2.o(.ARM.Collect$$rtexit$$00000004)
    SysTick_Handler                          0x0000034d   Thumb Code     0  osasm.o(.text)
    StartOS                                  0x00000373   Thumb Code     0  osasm.o(.text)
    Reset_Handler                            0x00000395   Thumb Code     8  startup_tm4c123.o(.text)
    NMI_Handler                              0x0000039d   Thumb Code     2  startup_tm4c123.o(.text)
    HardFault_Handler                        0x0000039f   Thumb Code     2  startup_tm4c123.o(.text)
    MemManage_Handler                        0x000003a1   Thumb Code     2  startup_tm4c123.o(.text)
    BusFault_Handler                         0x000003a3   Thumb Code     2  startup_tm4c123.o(.text)
    UsageFault_Handler                       0x000003a5   Thumb Code     2  startup_tm4c123.o(.text)
    SVC_Handler                              0x000003a7   Thumb Code     2  startup_tm4c123.o(.text)
    DebugMon_Handler                         0x000003a9   Thumb Code     2  startup_tm4c123.o(.text)
    PendSV_Handler                           0x000003ab   Thumb Code     2  startup_tm4c123.o(.text)
    UART1_Handler                            0x000003bb   Thumb Code     2  startup_tm4c123.o(.text)
    SSI0_Handler                             0x000003bd   Thumb Code     2  startup_tm4c123.o(.text)
    I2C0_Handler                             0x000003bf   Thumb Code     2  startup_tm4c123.o(.text)
    PMW0_FAULT_Handler                       0x000003c1   Thumb Code     2  startup_tm4c123.o(.text)
    PWM0_0_Handler                           0x000003c3   Thumb Code     2  startup_tm4c123.o(.text)
    PWM0_1_Handler                           0x000003c5   Thumb Code     2  startup_tm4c123.o(.text)
    PWM0_2_Handler                           0x000003c7   Thumb Code     2  startup_tm4c123.o(.text)
    QEI0_Handler                             0x000003c9   Thumb Code     2  startup_tm4c123.o(.text)
    ADC0SS0_Handler                          0x000003cb   Thumb Code     2  startup_tm4c123.o(.text)
    ADC0SS1_Handler                          0x000003cd   Thumb Code     2  startup_tm4c123.o(.text)
    ADC0SS2_Handler                          0x000003cf   Thumb Code     2  startup_tm4c123.o(.text)
    ADC0SS3_Handler                          0x000003d1   Thumb Code     2  startup_tm4c123.o(.text)
    WDT0_Handler                             0x000003d3   Thumb Code     2  startup_tm4c123.o(.text)
    TIMER0A_Handler                          0x000003d5   Thumb Code     2  startup_tm4c123.o(.text)
    TIMER0B_Handler                          0x000003d7   Thumb Code     2  startup_tm4c123.o(.text)
    TIMER1A_Handler                          0x000003d9   Thumb Code     2  startup_tm4c123.o(.text)
    TIMER1B_Handler                          0x000003db   Thumb Code     2  startup_tm4c123.o(.text)
    TIMER2A_Handler                          0x000003dd   Thumb Code     2  startup_tm4c123.o(.text)
    TIMER2B_Handler                          0x000003df   Thumb Code     2  startup_tm4c123.o(.text)
    COMP0_Handler                            0x000003e1   Thumb Code     2  startup_tm4c123.o(.text)
    COMP1_Handler                            0x000003e3   Thumb Code     2  startup_tm4c123.o(.text)
    COMP2_Handler                            0x000003e5   Thumb Code     2  startup_tm4c123.o(.text)
    SYSCTL_Handler                           0x000003e7   Thumb Code     2  startup_tm4c123.o(.text)
    FLASH_Handler                            0x000003e9   Thumb Code     2  startup_tm4c123.o(.text)
    GPIOG_Handler                            0x000003ed   Thumb Code     2  startup_tm4c123.o(.text)
    GPIOH_Handler                            0x000003ef   Thumb Code     2  startup_tm4c123.o(.text)
    UART2_Handler                            0x000003f1   Thumb Code     2  startup_tm4c123.o(.text)
    SSI1_Handler                             0x000003f3   Thumb Code     2  startup_tm4c123.o(.text)
    TIMER3A_Handler                          0x000003f5   Thumb Code     2  startup_tm4c123.o(.text)
    TIMER3B_Handler                          0x000003f7   Thumb Code     2  startup_tm4c123.o(.text)
    I2C1_Handler                             0x000003f9   Thumb Code     2  startup_tm4c123.o(.text)
    QEI1_Handler                             0x000003fb   Thumb Code     2  startup_tm4c123.o(.text)
    CAN0_Handler                             0x000003fd   Thumb Code     2  startup_tm4c123.o(.text)
    CAN1_Handler                             0x000003ff   Thumb Code     2  startup_tm4c123.o(.text)
    CAN2_Handler                             0x00000401   Thumb Code     2  startup_tm4c123.o(.text)
    HIB_Handler                              0x00000403   Thumb Code     2  startup_tm4c123.o(.text)
    USB0_Handler                             0x00000405   Thumb Code     2  startup_tm4c123.o(.text)
    PWM0_3_Handler                           0x00000407   Thumb Code     2  startup_tm4c123.o(.text)
    UDMA_Handler                             0x00000409   Thumb Code     2  startup_tm4c123.o(.text)
    UDMAERR_Handler                          0x0000040b   Thumb Code     2  startup_tm4c123.o(.text)
    ADC1SS0_Handler                          0x0000040d   Thumb Code     2  startup_tm4c123.o(.text)
    ADC1SS1_Handler                          0x0000040f   Thumb Code     2  startup_tm4c123.o(.text)
    ADC1SS2_Handler                          0x00000411   Thumb Code     2  startup_tm4c123.o(.text)
    ADC1SS3_Handler                          0x00000413   Thumb Code     2  startup_tm4c123.o(.text)
    GPIOJ_Handler                            0x00000415   Thumb Code     2  startup_tm4c123.o(.text)
    GPIOK_Handler                            0x00000417   Thumb Code     2  startup_tm4c123.o(.text)
    GPIOL_Handler                            0x00000419   Thumb Code     2  startup_tm4c123.o(.text)
    SSI2_Handler                             0x0000041b   Thumb Code     2  startup_tm4c123.o(.text)
    SSI3_Handler                             0x0000041d   Thumb Code     2  startup_tm4c123.o(.text)
    UART3_Handler                            0x0000041f   Thumb Code     2  startup_tm4c123.o(.text)
    UART4_Handler                            0x00000421   Thumb Code     2  startup_tm4c123.o(.text)
    UART5_Handler                            0x00000423   Thumb Code     2  startup_tm4c123.o(.text)
    UART6_Handler                            0x00000425   Thumb Code     2  startup_tm4c123.o(.text)
    UART7_Handler                            0x00000427   Thumb Code     2  startup_tm4c123.o(.text)
    I2C2_Handler                             0x00000429   Thumb Code     2  startup_tm4c123.o(.text)
    I2C3_Handler                             0x0000042b   Thumb Code     2  startup_tm4c123.o(.text)
    TIMER4A_Handler                          0x0000042d   Thumb Code     2  startup_tm4c123.o(.text)
    TIMER4B_Handler                          0x0000042f   Thumb Code     2  startup_tm4c123.o(.text)
    TIMER5A_Handler                          0x00000431   Thumb Code     2  startup_tm4c123.o(.text)
    TIMER5B_Handler                          0x00000433   Thumb Code     2  startup_tm4c123.o(.text)
    WTIMER0A_Handler                         0x00000435   Thumb Code     2  startup_tm4c123.o(.text)
    WTIMER0B_Handler                         0x00000437   Thumb Code     2  startup_tm4c123.o(.text)
    WTIMER1A_Handler                         0x00000439   Thumb Code     2  startup_tm4c123.o(.text)
    WTIMER1B_Handler                         0x0000043b   Thumb Code     2  startup_tm4c123.o(.text)
    WTIMER2A_Handler                         0x0000043d   Thumb Code     2  startup_tm4c123.o(.text)
    WTIMER2B_Handler                         0x0000043f   Thumb Code     2  startup_tm4c123.o(.text)
    WTIMER3B_Handler                         0x00000443   Thumb Code     2  startup_tm4c123.o(.text)
    WTIMER4B_Handler                         0x00000447   Thumb Code     2  startup_tm4c123.o(.text)
    WTIMER5B_Handler                         0x0000044b   Thumb Code     2  startup_tm4c123.o(.text)
    FPU_Handler                              0x0000044d   Thumb Code     2  startup_tm4c123.o(.text)
    I2C4_Handler                             0x0000044f   Thumb Code     2  startup_tm4c123.o(.text)
    I2C5_Handler                             0x00000451   Thumb Code     2  startup_tm4c123.o(.text)
    GPIOM_Handler                            0x00000453   Thumb Code     2  startup_tm4c123.o(.text)
    GPION_Handler                            0x00000455   Thumb Code     2  startup_tm4c123.o(.text)
    QEI2_Handler                             0x00000457   Thumb Code     2  startup_tm4c123.o(.text)
    GPIOP0_Handler                           0x00000459   Thumb Code     2  startup_tm4c123.o(.text)
    GPIOP1_Handler                           0x0000045b   Thumb Code     2  startup_tm4c123.o(.text)
    GPIOP2_Handler                           0x0000045d   Thumb Code     2  startup_tm4c123.o(.text)
    GPIOP3_Handler                           0x0000045f   Thumb Code     2  startup_tm4c123.o(.text)
    GPIOP4_Handler                           0x00000461   Thumb Code     2  startup_tm4c123.o(.text)
    GPIOP5_Handler                           0x00000463   Thumb Code     2  startup_tm4c123.o(.text)
    GPIOP6_Handler                           0x00000465   Thumb Code     2  startup_tm4c123.o(.text)
    GPIOP7_Handler                           0x00000467   Thumb Code     2  startup_tm4c123.o(.text)
    GPIOQ0_Handler                           0x00000469   Thumb Code     2  startup_tm4c123.o(.text)
    GPIOQ1_Handler                           0x0000046b   Thumb Code     2  startup_tm4c123.o(.text)
    GPIOQ2_Handler                           0x0000046d   Thumb Code     2  startup_tm4c123.o(.text)
    GPIOQ3_Handler                           0x0000046f   Thumb Code     2  startup_tm4c123.o(.text)
    GPIOQ4_Handler                           0x00000471   Thumb Code     2  startup_tm4c123.o(.text)
    GPIOQ5_Handler                           0x00000473   Thumb Code     2  startup_tm4c123.o(.text)
    GPIOQ6_Handler                           0x00000475   Thumb Code     2  startup_tm4c123.o(.text)
    GPIOQ7_Handler                           0x00000477   Thumb Code     2  startup_tm4c123.o(.text)
    GPIOR_Handler                            0x00000479   Thumb Code     2  startup_tm4c123.o(.text)
    GPIOS_Handler                            0x0000047b   Thumb Code     2  startup_tm4c123.o(.text)
    PMW1_0_Handler                           0x0000047d   Thumb Code     2  startup_tm4c123.o(.text)
    PWM1_1_Handler                           0x0000047f   Thumb Code     2  startup_tm4c123.o(.text)
    PWM1_2_Handler                           0x00000481   Thumb Code     2  startup_tm4c123.o(.text)
    PWM1_3_Handler                           0x00000483   Thumb Code     2  startup_tm4c123.o(.text)
    PWM1_FAULT_Handler                       0x00000485   Thumb Code     2  startup_tm4c123.o(.text)
    __user_initial_stackheap                 0x00000489   Thumb Code     0  startup_tm4c123.o(.text)
    DisableInterrupts                        0x00000495   Thumb Code     0  startup_tm4c123.o(.text)
    EnableInterrupts                         0x00000499   Thumb Code     0  startup_tm4c123.o(.text)
    StartCritical                            0x0000049d   Thumb Code     0  startup_tm4c123.o(.text)
    EndCritical                              0x000004a5   Thumb Code     0  startup_tm4c123.o(.text)
    WaitForInterrupt                         0x000004ab   Thumb Code     0  startup_tm4c123.o(.text)
    __use_two_region_memory                  0x000004c5   Thumb Code     2  heapauxi.o(.text)
    __rt_heap_escrow$2region                 0x000004c7   Thumb Code     2  heapauxi.o(.text)
    __rt_heap_expand$2region                 0x000004c9   Thumb Code     2  heapauxi.o(.text)
    __user_setup_stackheap                   0x000004cb   Thumb Code    74  sys_stackheap_outer.o(.text)
    exit                                     0x00000515   Thumb Code    18  exit.o(.text)
    __user_libspace                          0x00000529   Thumb Code     8  libspace.o(.text)
    __user_perproc_libspace                  0x00000529   Thumb Code     0  libspace.o(.text)
    __user_perthread_libspace                0x00000529   Thumb Code     0  libspace.o(.text)
    _sys_exit                                0x00000531   Thumb Code     8  sys_exit.o(.text)
    __I$use$semihosting                      0x0000053d   Thumb Code     0  use_no_semi.o(.text)
    __use_no_semihosting_swi                 0x0000053d   Thumb Code     2  use_no_semi.o(.text)
    __semihosting_library_function           0x0000053f   Thumb Code     0  indicate_semi.o(.text)
    CreateStack                              0x0000057d   Thumb Code     8  stack.o(i.CreateStack)
    GPIOA_Handler                            0x00000585   Thumb Code    10  nvicinterrupthandler.o(i.GPIOA_Handler)
    GPIOB_Handler                            0x00000595   Thumb Code    10  nvicinterrupthandler.o(i.GPIOB_Handler)
    GPIOC_Handler                            0x000005a5   Thumb Code    10  nvicinterrupthandler.o(i.GPIOC_Handler)
    GPIOD_Handler                            0x000005b5   Thumb Code    10  nvicinterrupthandler.o(i.GPIOD_Handler)
    GPIOE_Handler                            0x000005c5   Thumb Code    10  nvicinterrupthandler.o(i.GPIOE_Handler)
    GPIOF_Handler                            0x000005d5   Thumb Code    10  nvicinterrupthandler.o(i.GPIOF_Handler)
    IntVirDefaultFun                         0x000005ff   Thumb Code     2  nvicinterrupthandler.o(i.IntVirDefaultFun)
    OS_AddThreads                            0x00000601   Thumb Code   246  os.o(i.OS_AddThreads)
    OS_Clock_GetFreq                         0x00000705   Thumb Code     6  os_cfg.o(i.OS_Clock_GetFreq)
    OS_Clock_InitFastest                     0x00000711   Thumb Code   126  os_cfg.o(i.OS_Clock_InitFastest)
    OS_Init                                  0x0000079d   Thumb Code    34  os.o(i.OS_Init)
    OS_InitSemaphore                         0x000007c9   Thumb Code    18  os.o(i.OS_InitSemaphore)
    OS_Launch                                0x000007dd   Thumb Code    48  os.o(i.OS_Launch)
    OS_PeriodicTask_Init                     0x00000811   Thumb Code   162  os_cfg.o(i.OS_PeriodicTask_Init)
    OS_Signal                                0x000008d1   Thumb Code    46  os.o(i.OS_Signal)
    OS_Sleep                                 0x00000905   Thumb Code    24  os.o(i.OS_Sleep)
    OS_Suspend                               0x00000921   Thumb Code    18  os.o(i.OS_Suspend)
    OS_Wait                                  0x00000939   Thumb Code    40  os.o(i.OS_Wait)
    Push                                     0x00000965   Thumb Code    28  stack.o(i.Push)
    RxFifo_Get                               0x00000981   Thumb Code    56  fifo_modi.o(i.RxFifo_Get)
    RxFifo_Init                              0x000009c5   Thumb Code    26  fifo_modi.o(i.RxFifo_Init)
    RxFifo_Put                               0x000009ed   Thumb Code    44  fifo_modi.o(i.RxFifo_Put)
    RxFifo_Size                              0x00000a25   Thumb Code    42  fifo_modi.o(i.RxFifo_Size)
    Scheduler                                0x00000a59   Thumb Code    42  os.o(i.Scheduler)
    SetInitialStack                          0x00000ab1   Thumb Code   328  os.o(i.SetInitialStack)
    SystemInit                               0x00000c01   Thumb Code    14  system_tm4c123.o(i.SystemInit)
    TP_Receiver_TX_RX_Handler                0x00000c15   Thumb Code    88  tp_transiver.o(i.TP_Receiver_TX_RX_Handler)
    TP_Sender_TX_RX_Handler                  0x00000c75   Thumb Code    88  tp_transiver.o(i.TP_Sender_TX_RX_Handler)
    TP_UART_Default_Interrupt_Task           0x00000cd5   Thumb Code    92  tp_transiver.o(i.TP_UART_Default_Interrupt_Task)
    Task0                                    0x00000d35   Thumb Code    18  uarttestmain.o(i.Task0)
    Task1                                    0x00000d4d   Thumb Code    14  uarttestmain.o(i.Task1)
    Task2                                    0x00000d61   Thumb Code    14  uarttestmain.o(i.Task2)
    Task3                                    0x00000d75   Thumb Code    14  uarttestmain.o(i.Task3)
    Task4                                    0x00000d89   Thumb Code    14  uarttestmain.o(i.Task4)
    Task5                                    0x00000d9d   Thumb Code    14  uarttestmain.o(i.Task5)
    Task6                                    0x00000db1   Thumb Code    14  uarttestmain.o(i.Task6)
    TraverseStack                            0x00000dc5   Thumb Code    42  stack.o(i.TraverseStack)
    TxFifo_Get                               0x00000df1   Thumb Code    46  fifo_modi.o(i.TxFifo_Get)
    TxFifo_Init                              0x00000e2d   Thumb Code    26  fifo_modi.o(i.TxFifo_Init)
    TxFifo_Put                               0x00000e51   Thumb Code    48  fifo_modi.o(i.TxFifo_Put)
    TxFifo_Size                              0x00000e8d   Thumb Code    14  fifo_modi.o(i.TxFifo_Size)
    UART0_Handler                            0x00000ea5   Thumb Code    10  nvicinterrupthandler.o(i.UART0_Handler)
    UART_InChar                              0x00000eb5   Thumb Code    20  uart.o(i.UART_InChar)
    UART_Init                                0x00000ec9   Thumb Code   256  uart.o(i.UART_Init)
    UART_OutChar                             0x00000fed   Thumb Code    46  uart.o(i.UART_OutChar)
    UDS_Add_Vars_ID                          0x00001021   Thumb Code    48  uds.o(i.UDS_Add_Vars_ID)
    UDS_Handle_Request_Message               0x00001059   Thumb Code   566  uds.o(i.UDS_Handle_Request_Message)
    UDS_init                                 0x0000132d   Thumb Code    16  uds.o(i.UDS_init)
    WTIMER3A_Handler                         0x00001341   Thumb Code    16  os_cfg.o(i.WTIMER3A_Handler)
    WTIMER4A_Handler                         0x00001359   Thumb Code    16  os_cfg.o(i.WTIMER4A_Handler)
    WTIMER5A_Handler                         0x00001371   Thumb Code    16  os_cfg.o(i.WTIMER5A_Handler)
    copyHardwareToSoftware                   0x00001389   Thumb Code    36  uart.o(i.copyHardwareToSoftware)
    copySoftwareToHardware                   0x000013b1   Thumb Code    38  uart.o(i.copySoftwareToHardware)
    deInstallNIVCISRFunction                 0x000013dd   Thumb Code    14  nvicinterrupthandler.o(i.deInstallNIVCISRFunction)
    installNIVCISRFunction                   0x00001405   Thumb Code    20  nvicinterrupthandler.o(i.installNIVCISRFunction)
    main                                     0x00001421   Thumb Code   198  uarttestmain.o(i.main)
    tp_Init                                  0x00001689   Thumb Code    44  tp_transiver.o(i.tp_Init)
    tp_receiver                              0x000016c5   Thumb Code   284  tp_transiver.o(i.tp_receiver)
    tp_sender                                0x000017f1   Thumb Code   144  tp_transiver.o(i.tp_sender)
    uart_tpRecevFrame                        0x00001895   Thumb Code    28  uart.o(i.uart_tpRecevFrame)
    uart_tpSendFrame                         0x000018b1   Thumb Code    28  uart.o(i.uart_tpSendFrame)
    __aeabi_dadd                             0x000018cd   Thumb Code     0  daddsub_clz.o(x$fpl$dadd)
    _dadd                                    0x000018cd   Thumb Code   332  daddsub_clz.o(x$fpl$dadd)
    __aeabi_d2iz                             0x00001a1d   Thumb Code     0  dfix.o(x$fpl$dfix)
    _dfix                                    0x00001a1d   Thumb Code    94  dfix.o(x$fpl$dfix)
    __aeabi_ui2d                             0x00001a7b   Thumb Code     0  dflt_clz.o(x$fpl$dfltu)
    _dfltu                                   0x00001a7b   Thumb Code    38  dflt_clz.o(x$fpl$dfltu)
    __fpl_dnaninf                            0x00001aa1   Thumb Code   156  dnaninf.o(x$fpl$dnaninf)
    __fpl_dretinf                            0x00001b3d   Thumb Code    12  dretinf.o(x$fpl$dretinf)
    __aeabi_dsub                             0x00001b49   Thumb Code     0  daddsub_clz.o(x$fpl$dsub)
    _dsub                                    0x00001b49   Thumb Code   464  daddsub_clz.o(x$fpl$dsub)
    _fp_init                                 0x00001d1d   Thumb Code    10  fpinit.o(x$fpl$fpinit)
    __fplib_config_fpu_vfp                   0x00001d25   Thumb Code     0  fpinit.o(x$fpl$fpinit)
    __fplib_config_pureend_doubles           0x00001d25   Thumb Code     0  fpinit.o(x$fpl$fpinit)
    __I$use$fp                               0x00001d26   Number         0  usenofp.o(x$fpl$usenofp)
    Region$$Table$$Base                      0x00001d28   Number         0  anon$$obj.o(Region$$Table)
    Region$$Table$$Limit                     0x00001d48   Number         0  anon$$obj.o(Region$$Table)
    count0                                   0x20000000   Data           4  uarttestmain.o(.data)
    count1                                   0x20000004   Data           4  uarttestmain.o(.data)
    count2                                   0x20000008   Data           4  uarttestmain.o(.data)
    count3                                   0x2000000c   Data           4  uarttestmain.o(.data)
    count4                                   0x20000010   Data           4  uarttestmain.o(.data)
    count5                                   0x20000014   Data           4  uarttestmain.o(.data)
    count6                                   0x20000018   Data           4  uarttestmain.o(.data)
    ch                                       0x2000001c   Data           1  uarttestmain.o(.data)
    g_pfnVirualOLDVectors                    0x20000040   Data         428  nvicinterrupthandler.o(.data)
    g_pfnVirualVectors                       0x200001ec   Data         428  nvicinterrupthandler.o(.data)
    DTC_ID_Requested                         0x200003a4   Data           4  uds.o(.data)
    Status_Mask                              0x200003a8   Data           1  uds.o(.data)
    Flag                                     0x200003a9   Data           1  uds.o(.data)
    DTC_Stack_mutex                          0x200003ac   Data           4  uds.o(.data)
    RunPt                                    0x200003b4   Data           4  os.o(.data)
    numPeriodicEvents                        0x200003b8   Data           4  os.o(.data)
    PutI                                     0x200003bc   Data           4  os.o(.data)
    GetI                                     0x200003c0   Data           4  os.o(.data)
    CurrentSize                              0x200003c4   Data           4  os.o(.data)
    LostData                                 0x200003c8   Data           4  os.o(.data)
    PeriodicSemaphore0                       0x200003cc   Data           4  os.o(.data)
    Period0                                  0x200003d0   Data           4  os.o(.data)
    PeriodicSemaphore1                       0x200003d4   Data           4  os.o(.data)
    Period1                                  0x200003d8   Data           4  os.o(.data)
    edgeSemaphore                            0x200003dc   Data           4  os.o(.data)
    PeriodicTask                             0x200003e8   Data           4  os_cfg.o(.data)
    PeriodicTaskB                            0x200003ec   Data           4  os_cfg.o(.data)
    PeriodicTaskC                            0x200003f0   Data           4  os_cfg.o(.data)
    TxPutI                                   0x200003f4   Data           4  fifo_modi.o(.data)
    TxGetI                                   0x200003f8   Data           4  fifo_modi.o(.data)
    RxPutPt                                  0x200003fc   Data           4  fifo_modi.o(.data)
    RxGetPt                                  0x20000400   Data           4  fifo_modi.o(.data)
    DTC_Stack                                0x20000404   Data          16  uarttestmain.o(.bss)
    ELEMENTS_UDS                             0x20000420   Data          36  uds.o(.bss)
    tcbs                                     0x20000444   Data         140  os.o(.bss)
    Stacks                                   0x200004d0   Data        2800  os.o(.bss)
    Fifo                                     0x20000fc0   Data          14  os.o(.bss)
    TxFifo                                   0x20000fce   Data          50  fifo_modi.o(.bss)
    RxFifo                                   0x20001000   Data          50  fifo_modi.o(.bss)
    __libspace_start                         0x20001034   Data          96  libspace.o(.bss)
    __temporary_stack_top$libspace           0x20001094   Data           0  libspace.o(.bss)



==============================================================================

Memory Map of the image

  Image Entry point : 0x00000395

  Load Region LR_1 (Base: 0x00000000, Size: 0x0000214c, Max: 0xffffffff, ABSOLUTE, COMPRESSED[0x00001d68])

    Execution Region ER_RO (Exec base: 0x00000000, Load base: 0x00000000, Size: 0x00001d48, Max: 0xffffffff, ABSOLUTE)

    Exec Addr    Load Addr    Size         Type   Attr      Idx    E Section Name        Object

    0x00000000   0x00000000   0x0000026c   Data   RO          893    RESET               startup_tm4c123.o
    0x0000026c   0x0000026c   0x00000008   Code   RO          965  * !!!main             c_w.l(__main.o)
    0x00000274   0x00000274   0x00000034   Code   RO         1145    !!!scatter          c_w.l(__scatter.o)
    0x000002a8   0x000002a8   0x0000005a   Code   RO         1143    !!dczerorl2         c_w.l(__dczerorl2.o)
    0x00000302   0x00000302   0x00000002   PAD
    0x00000304   0x00000304   0x0000001c   Code   RO         1147    !!handler_zi        c_w.l(__scatter_zi.o)
    0x00000320   0x00000320   0x00000002   Code   RO         1013    .ARM.Collect$$libinit$$00000000  c_w.l(libinit.o)
    0x00000322   0x00000322   0x00000004   Code   RO         1019    .ARM.Collect$$libinit$$00000001  c_w.l(libinit2.o)
    0x00000326   0x00000326   0x00000000   Code   RO         1022    .ARM.Collect$$libinit$$00000004  c_w.l(libinit2.o)
    0x00000326   0x00000326   0x00000000   Code   RO         1025    .ARM.Collect$$libinit$$0000000A  c_w.l(libinit2.o)
    0x00000326   0x00000326   0x00000000   Code   RO         1027    .ARM.Collect$$libinit$$0000000C  c_w.l(libinit2.o)
    0x00000326   0x00000326   0x00000000   Code   RO         1029    .ARM.Collect$$libinit$$0000000E  c_w.l(libinit2.o)
    0x00000326   0x00000326   0x00000000   Code   RO         1032    .ARM.Collect$$libinit$$00000011  c_w.l(libinit2.o)
    0x00000326   0x00000326   0x00000000   Code   RO         1034    .ARM.Collect$$libinit$$00000013  c_w.l(libinit2.o)
    0x00000326   0x00000326   0x00000000   Code   RO         1036    .ARM.Collect$$libinit$$00000015  c_w.l(libinit2.o)
    0x00000326   0x00000326   0x00000000   Code   RO         1038    .ARM.Collect$$libinit$$00000017  c_w.l(libinit2.o)
    0x00000326   0x00000326   0x00000000   Code   RO         1040    .ARM.Collect$$libinit$$00000019  c_w.l(libinit2.o)
    0x00000326   0x00000326   0x00000000   Code   RO         1042    .ARM.Collect$$libinit$$0000001B  c_w.l(libinit2.o)
    0x00000326   0x00000326   0x00000000   Code   RO         1044    .ARM.Collect$$libinit$$0000001D  c_w.l(libinit2.o)
    0x00000326   0x00000326   0x00000000   Code   RO         1046    .ARM.Collect$$libinit$$0000001F  c_w.l(libinit2.o)
    0x00000326   0x00000326   0x00000000   Code   RO         1048    .ARM.Collect$$libinit$$00000021  c_w.l(libinit2.o)
    0x00000326   0x00000326   0x00000000   Code   RO         1050    .ARM.Collect$$libinit$$00000023  c_w.l(libinit2.o)
    0x00000326   0x00000326   0x00000000   Code   RO         1052    .ARM.Collect$$libinit$$00000025  c_w.l(libinit2.o)
    0x00000326   0x00000326   0x00000000   Code   RO         1056    .ARM.Collect$$libinit$$0000002C  c_w.l(libinit2.o)
    0x00000326   0x00000326   0x00000000   Code   RO         1058    .ARM.Collect$$libinit$$0000002E  c_w.l(libinit2.o)
    0x00000326   0x00000326   0x00000000   Code   RO         1060    .ARM.Collect$$libinit$$00000030  c_w.l(libinit2.o)
    0x00000326   0x00000326   0x00000000   Code   RO         1062    .ARM.Collect$$libinit$$00000032  c_w.l(libinit2.o)
    0x00000326   0x00000326   0x00000002   Code   RO         1063    .ARM.Collect$$libinit$$00000033  c_w.l(libinit2.o)
    0x00000328   0x00000328   0x00000002   Code   RO         1083    .ARM.Collect$$libshutdown$$00000000  c_w.l(libshutdown.o)
    0x0000032a   0x0000032a   0x00000000   Code   RO         1096    .ARM.Collect$$libshutdown$$00000002  c_w.l(libshutdown2.o)
    0x0000032a   0x0000032a   0x00000000   Code   RO         1098    .ARM.Collect$$libshutdown$$00000004  c_w.l(libshutdown2.o)
    0x0000032a   0x0000032a   0x00000000   Code   RO         1101    .ARM.Collect$$libshutdown$$00000007  c_w.l(libshutdown2.o)
    0x0000032a   0x0000032a   0x00000000   Code   RO         1104    .ARM.Collect$$libshutdown$$0000000A  c_w.l(libshutdown2.o)
    0x0000032a   0x0000032a   0x00000000   Code   RO         1106    .ARM.Collect$$libshutdown$$0000000C  c_w.l(libshutdown2.o)
    0x0000032a   0x0000032a   0x00000000   Code   RO         1109    .ARM.Collect$$libshutdown$$0000000F  c_w.l(libshutdown2.o)
    0x0000032a   0x0000032a   0x00000002   Code   RO         1110    .ARM.Collect$$libshutdown$$00000010  c_w.l(libshutdown2.o)
    0x0000032c   0x0000032c   0x00000000   Code   RO          983    .ARM.Collect$$rtentry$$00000000  c_w.l(__rtentry.o)
    0x0000032c   0x0000032c   0x00000000   Code   RO          990    .ARM.Collect$$rtentry$$00000002  c_w.l(__rtentry2.o)
    0x0000032c   0x0000032c   0x00000006   Code   RO         1002    .ARM.Collect$$rtentry$$00000004  c_w.l(__rtentry4.o)
    0x00000332   0x00000332   0x00000000   Code   RO          992    .ARM.Collect$$rtentry$$00000009  c_w.l(__rtentry2.o)
    0x00000332   0x00000332   0x00000004   Code   RO          993    .ARM.Collect$$rtentry$$0000000A  c_w.l(__rtentry2.o)
    0x00000336   0x00000336   0x00000000   Code   RO          995    .ARM.Collect$$rtentry$$0000000C  c_w.l(__rtentry2.o)
    0x00000336   0x00000336   0x00000008   Code   RO          996    .ARM.Collect$$rtentry$$0000000D  c_w.l(__rtentry2.o)
    0x0000033e   0x0000033e   0x00000002   Code   RO         1017    .ARM.Collect$$rtexit$$00000000  c_w.l(rtexit.o)
    0x00000340   0x00000340   0x00000000   Code   RO         1065    .ARM.Collect$$rtexit$$00000002  c_w.l(rtexit2.o)
    0x00000340   0x00000340   0x00000004   Code   RO         1066    .ARM.Collect$$rtexit$$00000003  c_w.l(rtexit2.o)
    0x00000344   0x00000344   0x00000006   Code   RO         1067    .ARM.Collect$$rtexit$$00000004  c_w.l(rtexit2.o)
    0x0000034a   0x0000034a   0x00000002   PAD
    0x0000034c   0x0000034c   0x00000048   Code   RO          691    .text               osasm.o
    0x00000394   0x00000394   0x00000130   Code   RO          894  * .text               startup_tm4c123.o
    0x000004c4   0x000004c4   0x00000006   Code   RO          963    .text               c_w.l(heapauxi.o)
    0x000004ca   0x000004ca   0x0000004a   Code   RO         1004    .text               c_w.l(sys_stackheap_outer.o)
    0x00000514   0x00000514   0x00000012   Code   RO         1006    .text               c_w.l(exit.o)
    0x00000526   0x00000526   0x00000002   PAD
    0x00000528   0x00000528   0x00000008   Code   RO         1014    .text               c_w.l(libspace.o)
    0x00000530   0x00000530   0x0000000c   Code   RO         1075    .text               c_w.l(sys_exit.o)
    0x0000053c   0x0000053c   0x00000002   Code   RO         1086    .text               c_w.l(use_no_semi.o)
    0x0000053e   0x0000053e   0x00000000   Code   RO         1088    .text               c_w.l(indicate_semi.o)
    0x0000053e   0x0000053e   0x00000002   PAD
    0x00000540   0x00000540   0x0000003c   Code   RO          128    i.Check_Frame_type  tp_transiver.o
    0x0000057c   0x0000057c   0x00000008   Code   RO          404    i.CreateStack       stack.o
    0x00000584   0x00000584   0x00000010   Code   RO          253    i.GPIOA_Handler     nvicinterrupthandler.o
    0x00000594   0x00000594   0x00000010   Code   RO          254    i.GPIOB_Handler     nvicinterrupthandler.o
    0x000005a4   0x000005a4   0x00000010   Code   RO          255    i.GPIOC_Handler     nvicinterrupthandler.o
    0x000005b4   0x000005b4   0x00000010   Code   RO          256    i.GPIOD_Handler     nvicinterrupthandler.o
    0x000005c4   0x000005c4   0x00000010   Code   RO          257    i.GPIOE_Handler     nvicinterrupthandler.o
    0x000005d4   0x000005d4   0x00000010   Code   RO          258    i.GPIOF_Handler     nvicinterrupthandler.o
    0x000005e4   0x000005e4   0x0000001a   Code   RO          129    i.Get_remaing_frames_number  tp_transiver.o
    0x000005fe   0x000005fe   0x00000002   Code   RO          261    i.IntVirDefaultFun  nvicinterrupthandler.o
    0x00000600   0x00000600   0x00000104   Code   RO          464    i.OS_AddThreads     os.o
    0x00000704   0x00000704   0x0000000c   Code   RO          598    i.OS_Clock_GetFreq  os_cfg.o
    0x00000710   0x00000710   0x0000008c   Code   RO          599    i.OS_Clock_InitFastest  os_cfg.o
    0x0000079c   0x0000079c   0x0000002c   Code   RO          470    i.OS_Init           os.o
    0x000007c8   0x000007c8   0x00000012   Code   RO          471    i.OS_InitSemaphore  os.o
    0x000007da   0x000007da   0x00000002   PAD
    0x000007dc   0x000007dc   0x00000034   Code   RO          472    i.OS_Launch         os.o
    0x00000810   0x00000810   0x000000c0   Code   RO          600    i.OS_PeriodicTask_Init  os_cfg.o
    0x000008d0   0x000008d0   0x00000034   Code   RO          475    i.OS_Signal         os.o
    0x00000904   0x00000904   0x0000001c   Code   RO          476    i.OS_Sleep          os.o
    0x00000920   0x00000920   0x00000018   Code   RO          477    i.OS_Suspend        os.o
    0x00000938   0x00000938   0x0000002c   Code   RO          478    i.OS_Wait           os.o
    0x00000964   0x00000964   0x0000001c   Code   RO          406    i.Push              stack.o
    0x00000980   0x00000980   0x00000044   Code   RO          713    i.RxFifo_Get        fifo_modi.o
    0x000009c4   0x000009c4   0x00000028   Code   RO          714    i.RxFifo_Init       fifo_modi.o
    0x000009ec   0x000009ec   0x00000038   Code   RO          715    i.RxFifo_Put        fifo_modi.o
    0x00000a24   0x00000a24   0x00000034   Code   RO          716    i.RxFifo_Size       fifo_modi.o
    0x00000a58   0x00000a58   0x00000030   Code   RO          480    i.Scheduler         os.o
    0x00000a88   0x00000a88   0x00000028   Code   RO          338    i.SearchDTC_BY_SM   uds.o
    0x00000ab0   0x00000ab0   0x00000150   Code   RO          481    i.SetInitialStack   os.o
    0x00000c00   0x00000c00   0x00000014   Code   RO          902    i.SystemInit        system_tm4c123.o
    0x00000c14   0x00000c14   0x00000060   Code   RO          132    i.TP_Receiver_TX_RX_Handler  tp_transiver.o
    0x00000c74   0x00000c74   0x00000060   Code   RO          133    i.TP_Sender_TX_RX_Handler  tp_transiver.o
    0x00000cd4   0x00000cd4   0x00000060   Code   RO          134    i.TP_UART_Default_Interrupt_Task  tp_transiver.o
    0x00000d34   0x00000d34   0x00000018   Code   RO            3    i.Task0             uarttestmain.o
    0x00000d4c   0x00000d4c   0x00000014   Code   RO            4    i.Task1             uarttestmain.o
    0x00000d60   0x00000d60   0x00000014   Code   RO            5    i.Task2             uarttestmain.o
    0x00000d74   0x00000d74   0x00000014   Code   RO            6    i.Task3             uarttestmain.o
    0x00000d88   0x00000d88   0x00000014   Code   RO            7    i.Task4             uarttestmain.o
    0x00000d9c   0x00000d9c   0x00000014   Code   RO            8    i.Task5             uarttestmain.o
    0x00000db0   0x00000db0   0x00000014   Code   RO            9    i.Task6             uarttestmain.o
    0x00000dc4   0x00000dc4   0x0000002a   Code   RO          410    i.TraverseStack     stack.o
    0x00000dee   0x00000dee   0x00000002   PAD
    0x00000df0   0x00000df0   0x0000003c   Code   RO          717    i.TxFifo_Get        fifo_modi.o
    0x00000e2c   0x00000e2c   0x00000024   Code   RO          718    i.TxFifo_Init       fifo_modi.o
    0x00000e50   0x00000e50   0x0000003c   Code   RO          719    i.TxFifo_Put        fifo_modi.o
    0x00000e8c   0x00000e8c   0x00000018   Code   RO          720    i.TxFifo_Size       fifo_modi.o
    0x00000ea4   0x00000ea4   0x00000010   Code   RO          262    i.UART0_Handler     nvicinterrupthandler.o
    0x00000eb4   0x00000eb4   0x00000014   Code   RO          775    i.UART_InChar       uart.o
    0x00000ec8   0x00000ec8   0x00000124   Code   RO          779    i.UART_Init         uart.o
    0x00000fec   0x00000fec   0x00000034   Code   RO          780    i.UART_OutChar      uart.o
    0x00001020   0x00001020   0x00000038   Code   RO          339    i.UDS_Add_Vars_ID   uds.o
    0x00001058   0x00001058   0x00000254   Code   RO          340    i.UDS_Handle_Request_Message  uds.o
    0x000012ac   0x000012ac   0x00000048   Code   RO          341    i.UDS_Read_Value_by_ID  uds.o
    0x000012f4   0x000012f4   0x00000038   Code   RO          342    i.UDS_Write_Value_by_ID  uds.o
    0x0000132c   0x0000132c   0x00000014   Code   RO          343    i.UDS_init          uds.o
    0x00001340   0x00001340   0x00000018   Code   RO          609    i.WTIMER3A_Handler  os_cfg.o
    0x00001358   0x00001358   0x00000018   Code   RO          610    i.WTIMER4A_Handler  os_cfg.o
    0x00001370   0x00001370   0x00000018   Code   RO          611    i.WTIMER5A_Handler  os_cfg.o
    0x00001388   0x00001388   0x00000028   Code   RO          787    i.copyHardwareToSoftware  uart.o
    0x000013b0   0x000013b0   0x0000002c   Code   RO          788    i.copySoftwareToHardware  uart.o
    0x000013dc   0x000013dc   0x00000018   Code   RO          263    i.deInstallNIVCISRFunction  nvicinterrupthandler.o
    0x000013f4   0x000013f4   0x00000010   Code   RO          135    i.generate_BS_decision  tp_transiver.o
    0x00001404   0x00001404   0x0000001c   Code   RO          264    i.installNIVCISRFunction  nvicinterrupthandler.o
    0x00001420   0x00001420   0x000000fc   Code   RO           10    i.main              uarttestmain.o
    0x0000151c   0x0000151c   0x00000038   Code   RO          482    i.runperiodicevents  os.o
    0x00001554   0x00001554   0x0000002e   Code   RO          136    i.send_Control_Frame  tp_transiver.o
    0x00001582   0x00001582   0x00000002   PAD
    0x00001584   0x00001584   0x00000098   Code   RO          137    i.send_cons_frame   tp_transiver.o
    0x0000161c   0x0000161c   0x00000038   Code   RO          138    i.send_first_frame  tp_transiver.o
    0x00001654   0x00001654   0x00000034   Code   RO          139    i.send_single_frame  tp_transiver.o
    0x00001688   0x00001688   0x0000003c   Code   RO          140    i.tp_Init           tp_transiver.o
    0x000016c4   0x000016c4   0x0000012c   Code   RO          141    i.tp_receiver       tp_transiver.o
    0x000017f0   0x000017f0   0x000000a4   Code   RO          142    i.tp_sender         tp_transiver.o
    0x00001894   0x00001894   0x0000001c   Code   RO          789    i.uart_tpRecevFrame  uart.o
    0x000018b0   0x000018b0   0x0000001c   Code   RO          790    i.uart_tpSendFrame  uart.o
    0x000018cc   0x000018cc   0x00000150   Code   RO          967    x$fpl$dadd          fz_wm.l(daddsub_clz.o)
    0x00001a1c   0x00001a1c   0x0000005e   Code   RO          973    x$fpl$dfix          fz_wm.l(dfix.o)
    0x00001a7a   0x00001a7a   0x00000026   Code   RO          977    x$fpl$dfltu         fz_wm.l(dflt_clz.o)
    0x00001aa0   0x00001aa0   0x0000009c   Code   RO          984    x$fpl$dnaninf       fz_wm.l(dnaninf.o)
    0x00001b3c   0x00001b3c   0x0000000c   Code   RO          986    x$fpl$dretinf       fz_wm.l(dretinf.o)
    0x00001b48   0x00001b48   0x000001d4   Code   RO          969    x$fpl$dsub          fz_wm.l(daddsub_clz.o)
    0x00001d1c   0x00001d1c   0x0000000a   Code   RO         1073    x$fpl$fpinit        fz_wm.l(fpinit.o)
    0x00001d26   0x00001d26   0x00000000   Code   RO          988    x$fpl$usenofp       fz_wm.l(usenofp.o)
    0x00001d26   0x00001d26   0x00000002   PAD
    0x00001d28   0x00001d28   0x00000020   Data   RO         1141    Region$$Table       anon$$obj.o


    Execution Region ER_RW (Exec base: 0x20000000, Load base: 0x00001d48, Size: 0x00000404, Max: 0xffffffff, ABSOLUTE, COMPRESSED[0x00000020])

    Exec Addr    Load Addr    Size         Type   Attr      Idx    E Section Name        Object

    0x20000000   COMPRESSED   0x0000001d   Data   RW           12    .data               uarttestmain.o
    0x2000001d   COMPRESSED   0x00000003   PAD
    0x20000020   COMPRESSED   0x0000001e   Data   RW          143    .data               tp_transiver.o
    0x2000003e   COMPRESSED   0x00000002   PAD
    0x20000040   COMPRESSED   0x00000358   Data   RW          265    .data               nvicinterrupthandler.o
    0x20000398   COMPRESSED   0x00000019   Data   RW          345    .data               uds.o
    0x200003b1   COMPRESSED   0x00000003   PAD
    0x200003b4   COMPRESSED   0x00000030   Data   RW          484    .data               os.o
    0x200003e4   COMPRESSED   0x00000010   Data   RW          612    .data               os_cfg.o
    0x200003f4   COMPRESSED   0x00000010   Data   RW          722    .data               fifo_modi.o


    Execution Region ER_ZI (Exec base: 0x20000404, Load base: 0x00001d68, Size: 0x00000f94, Max: 0xffffffff, ABSOLUTE)

    Exec Addr    Load Addr    Size         Type   Attr      Idx    E Section Name        Object

    0x20000404        -       0x00000010   Zero   RW           11    .bss                uarttestmain.o
    0x20000414        -       0x00000030   Zero   RW          344    .bss                uds.o
    0x20000444        -       0x00000b8a   Zero   RW          483    .bss                os.o
    0x20000fce        -       0x00000064   Zero   RW          721    .bss                fifo_modi.o
    0x20001032   0x00001d68   0x00000002   PAD
    0x20001034        -       0x00000060   Zero   RW         1015    .bss                c_w.l(libspace.o)
    0x20001094   0x00001d68   0x00000004   PAD
    0x20001098        -       0x00000000   Zero   RW          892    HEAP                startup_tm4c123.o
    0x20001098        -       0x00000300   Zero   RW          891    STACK               startup_tm4c123.o


==============================================================================

Image component sizes


      Code (inc. data)   RO Data    RW Data    ZI Data      Debug   Object Name

       396         94          0         16        100       5718   fifo_modi.o
       166         60          0        856          0       5822   nvicinterrupthandler.o
       962         68          0         48       2954       8840   os.o
       416         74          0         16          0       3977   os_cfg.o
        72          4          0          0          0        292   osasm.o
        78          0          0          0          0       2113   stack.o
       304         26        620          0        768       5504   startup_tm4c123.o
        20          6          0          0          0        509   system_tm4c123.o
      1220         94          0         30          0      13475   tp_transiver.o
       504         52          0          0          0       4366   uart.o
       396         96          0         29         16      12195   uarttestmain.o
       840         64          0         25         48       8955   uds.o

    ----------------------------------------------------------------------
      5380        638        652       1028       3888      71766   Object Totals
         0          0         32          0          0          0   (incl. Generated)
         6          0          0          8          2          0   (incl. Padding)

    ----------------------------------------------------------------------

      Code (inc. data)   RO Data    RW Data    ZI Data      Debug   Library Member Name

        90          0          0          0          0          0   __dczerorl2.o
         8          0          0          0          0         68   __main.o
         0          0          0          0          0          0   __rtentry.o
        12          0          0          0          0          0   __rtentry2.o
         6          0          0          0          0          0   __rtentry4.o
        52          8          0          0          0          0   __scatter.o
        28          0          0          0          0          0   __scatter_zi.o
        18          0          0          0          0         80   exit.o
         6          0          0          0          0        152   heapauxi.o
         0          0          0          0          0          0   indicate_semi.o
         2          0          0          0          0          0   libinit.o
         6          0          0          0          0          0   libinit2.o
         2          0          0          0          0          0   libshutdown.o
         2          0          0          0          0          0   libshutdown2.o
         8          4          0          0         96         68   libspace.o
         2          0          0          0          0          0   rtexit.o
        10          0          0          0          0          0   rtexit2.o
        12          4          0          0          0         68   sys_exit.o
        74          0          0          0          0         80   sys_stackheap_outer.o
         2          0          0          0          0         68   use_no_semi.o
       804         16          0          0          0        368   daddsub_clz.o
        94          4          0          0          0        140   dfix.o
        38          0          0          0          0        116   dflt_clz.o
       156          4          0          0          0        140   dnaninf.o
        12          0          0          0          0        116   dretinf.o
        10          0          0          0          0        116   fpinit.o
         0          0          0          0          0          0   usenofp.o

    ----------------------------------------------------------------------
      1464         40          0          0        100       1580   Library Totals
        10          0          0          0          4          0   (incl. Padding)

    ----------------------------------------------------------------------

      Code (inc. data)   RO Data    RW Data    ZI Data      Debug   Library Name

       340         16          0          0         96        584   c_w.l
      1114         24          0          0          0        996   fz_wm.l

    ----------------------------------------------------------------------
      1464         40          0          0        100       1580   Library Totals

    ----------------------------------------------------------------------

==============================================================================


      Code (inc. data)   RO Data    RW Data    ZI Data      Debug   

      6844        678        652       1028       3988      65890   Grand Totals
      6844        678        652         32       3988      65890   ELF Image Totals (compressed)
      6844        678        652         32          0          0   ROM Totals

==============================================================================

    Total RO  Size (Code + RO Data)                 7496 (   7.32kB)
    Total RW  Size (RW Data + ZI Data)              5016 (   4.90kB)
    Total ROM Size (Code + RO Data + RW Data)       7528 (   7.35kB)

==============================================================================

